Component: ARM Compiler 5.06 update 6 (build 750) Tool: armlink [4d35ed]

==============================================================================

Section Cross References

    startup_stm32f103xe.o(RESET) refers to startup_stm32f103xe.o(STACK) for __initial_sp
    startup_stm32f103xe.o(RESET) refers to startup_stm32f103xe.o(.text) for Reset_Handler
    startup_stm32f103xe.o(RESET) refers to stm32f1xx_it.o(i.NMI_Handler) for NMI_Handler
    startup_stm32f103xe.o(RESET) refers to stm32f1xx_it.o(i.HardFault_Handler) for HardFault_Handler
    startup_stm32f103xe.o(RESET) refers to stm32f1xx_it.o(i.MemManage_Handler) for MemManage_Handler
    startup_stm32f103xe.o(RESET) refers to stm32f1xx_it.o(i.BusFault_Handler) for BusFault_Handler
    startup_stm32f103xe.o(RESET) refers to stm32f1xx_it.o(i.UsageFault_Handler) for UsageFault_Handler
    startup_stm32f103xe.o(RESET) refers to port.o(.emb_text) for SVC_Handler
    startup_stm32f103xe.o(RESET) refers to stm32f1xx_it.o(i.DebugMon_Handler) for DebugMon_Handler
    startup_stm32f103xe.o(RESET) refers to stm32f1xx_it.o(i.SysTick_Handler) for SysTick_Handler
    startup_stm32f103xe.o(RESET) refers to stm32f1xx_it.o(i.DMA1_Channel3_IRQHandler) for DMA1_Channel3_IRQHandler
    startup_stm32f103xe.o(RESET) refers to stm32f1xx_it.o(i.DMA1_Channel4_IRQHandler) for DMA1_Channel4_IRQHandler
    startup_stm32f103xe.o(RESET) refers to stm32f1xx_it.o(i.DMA1_Channel5_IRQHandler) for DMA1_Channel5_IRQHandler
    startup_stm32f103xe.o(RESET) refers to stm32f1xx_it.o(i.DMA1_Channel6_IRQHandler) for DMA1_Channel6_IRQHandler
    startup_stm32f103xe.o(RESET) refers to stm32f1xx_it.o(i.DMA1_Channel7_IRQHandler) for DMA1_Channel7_IRQHandler
    startup_stm32f103xe.o(RESET) refers to bsp_imu.o(i.USART3_IRQHandler) for USART3_IRQHandler
    startup_stm32f103xe.o(.text) refers to system_stm32f1xx.o(i.SystemInit) for SystemInit
    startup_stm32f103xe.o(.text) refers to entry.o(.ARM.Collect$$$$00000000) for __main
    main.o(i.DMA_Usart1_Read) refers to stm32f1xx_hal_uart.o(i.HAL_UART_Receive_DMA) for HAL_UART_Receive_DMA
    main.o(i.DMA_Usart1_Read) refers to usart.o(.bss) for huart1
    main.o(i.SystemClock_Config) refers to memseta.o(.text) for __aeabi_memclr4
    main.o(i.SystemClock_Config) refers to stm32f1xx_hal_rcc.o(i.HAL_RCC_OscConfig) for HAL_RCC_OscConfig
    main.o(i.SystemClock_Config) refers to stm32f1xx_hal_rcc.o(i.HAL_RCC_ClockConfig) for HAL_RCC_ClockConfig
    main.o(i.main) refers to stm32f1xx_hal.o(i.HAL_Init) for HAL_Init
    main.o(i.main) refers to main.o(i.SystemClock_Config) for SystemClock_Config
    main.o(i.main) refers to gpio.o(i.MX_GPIO_Init) for MX_GPIO_Init
    main.o(i.main) refers to dma.o(i.MX_DMA_Init) for MX_DMA_Init
    main.o(i.main) refers to usart.o(i.MX_USART2_UART_Init) for MX_USART2_UART_Init
    main.o(i.main) refers to usart.o(i.MX_USART3_UART_Init) for MX_USART3_UART_Init
    main.o(i.main) refers to usart.o(i.MX_UART4_Init) for MX_UART4_Init
    main.o(i.main) refers to usart.o(i.MX_UART5_Init) for MX_UART5_Init
    main.o(i.main) refers to usart.o(i.MX_USART1_UART_Init) for MX_USART1_UART_Init
    main.o(i.main) refers to bsp_delay.o(i.delay_init) for delay_init
    main.o(i.main) refers to bsp_servo_iic.o(i.pca_init) for pca_init
    main.o(i.main) refers to bsp_imu.o(i.imu_receive_init) for imu_receive_init
    gpio.o(i.MX_GPIO_Init) refers to stm32f1xx_hal_gpio.o(i.HAL_GPIO_WritePin) for HAL_GPIO_WritePin
    gpio.o(i.MX_GPIO_Init) refers to stm32f1xx_hal_gpio.o(i.HAL_GPIO_Init) for HAL_GPIO_Init
    dma.o(i.MX_DMA_Init) refers to stm32f1xx_hal_cortex.o(i.HAL_NVIC_SetPriority) for HAL_NVIC_SetPriority
    dma.o(i.MX_DMA_Init) refers to stm32f1xx_hal_cortex.o(i.HAL_NVIC_EnableIRQ) for HAL_NVIC_EnableIRQ
    freertos.o(i.MX_FREERTOS_Init) refers to memcpya.o(.text) for __aeabi_memcpy4
    freertos.o(i.MX_FREERTOS_Init) refers to cmsis_os.o(i.osThreadCreate) for osThreadCreate
    freertos.o(i.MX_FREERTOS_Init) refers to freertos.o(.constdata) for .constdata
    freertos.o(i.MX_FREERTOS_Init) refers to freertos.o(.data) for .data
    freertos.o(i.StartDefaultTask) refers to cmsis_os.o(i.osDelay) for osDelay
    freertos.o(.constdata) refers to freertos.o(.conststring) for .conststring
    freertos.o(.constdata) refers to freertos.o(i.StartDefaultTask) for StartDefaultTask
    usart.o(i.HAL_UART_MspDeInit) refers to stm32f1xx_hal_gpio.o(i.HAL_GPIO_DeInit) for HAL_GPIO_DeInit
    usart.o(i.HAL_UART_MspDeInit) refers to stm32f1xx_hal_dma.o(i.HAL_DMA_DeInit) for HAL_DMA_DeInit
    usart.o(i.HAL_UART_MspDeInit) refers to stm32f1xx_hal_cortex.o(i.HAL_NVIC_DisableIRQ) for HAL_NVIC_DisableIRQ
    usart.o(i.HAL_UART_MspInit) refers to stm32f1xx_hal_gpio.o(i.HAL_GPIO_Init) for HAL_GPIO_Init
    usart.o(i.HAL_UART_MspInit) refers to stm32f1xx_hal_dma.o(i.HAL_DMA_Init) for HAL_DMA_Init
    usart.o(i.HAL_UART_MspInit) refers to main.o(i.Error_Handler) for Error_Handler
[...]
    Removing bsp_buzzer.o(.revsh_text), (4 bytes).
    Removing bsp_buzzer.o(.rrx_text), (6 bytes).
    Removing bsp_buzzer.o(i.buzzer_off), (16 bytes).
    Removing bsp_buzzer.o(i.buzzer_on), (16 bytes).
    Removing bsp_led.o(.rev16_text), (4 bytes).
    Removing bsp_led.o(.revsh_text), (4 bytes).
    Removing bsp_led.o(.rrx_text), (6 bytes).
    Removing bsp_led.o(i.led_off), (16 bytes).
    Removing bsp_led.o(i.led_on), (16 bytes).
    Removing bsp_led.o(i.led_twinkle), (16 bytes).
    Removing bsp_servo_iic.o(.rev16_text), (4 bytes).
    Removing bsp_servo_iic.o(.revsh_text), (4 bytes).
    Removing bsp_servo_iic.o(.rrx_text), (6 bytes).
    Removing bsp_servo_iic.o(i.angle_write), (56 bytes).
    Removing bsp_servo_iic.o(i.pca_setpwm), (72 bytes).
    Removing bsp_delay.o(.rev16_text), (4 bytes).
    Removing bsp_delay.o(.revsh_text), (4 bytes).
    Removing bsp_delay.o(.rrx_text), (6 bytes).
    Removing bsp_delay.o(i.delay_ms), (52 bytes).
    Removing bsp_imu.o(.rev16_text), (4 bytes).
    Removing bsp_imu.o(.revsh_text), (4 bytes).
    Removing bsp_imu.o(.rrx_text), (6 bytes).
    Removing event_groups.o(i.prvTestWaitCondition), (20 bytes).
    Removing event_groups.o(i.vEventGroupClearBitsCallback), (4 bytes).
    Removing event_groups.o(i.vEventGroupDelete), (70 bytes).
    Removing event_groups.o(i.vEventGroupSetBitsCallback), (4 bytes).
    Removing event_groups.o(i.xEventGroupClearBits), (64 bytes).
    Removing event_groups.o(i.xEventGroupCreate), (26 bytes).
    Removing event_groups.o(i.xEventGroupGetBitsFromISR), (26 bytes).
    Removing event_groups.o(i.xEventGroupSetBits), (140 bytes).
    Removing event_groups.o(i.xEventGroupSync), (204 bytes).
    Removing event_groups.o(i.xEventGroupWaitBits), (264 bytes).
    Removing list.o(i.vListInitialise), (22 bytes).
    Removing list.o(i.vListInitialiseItem), (6 bytes).
    Removing list.o(i.vListInsert), (48 bytes).
    Removing queue.o(i.pcQueueGetName), (40 bytes).
    Removing queue.o(i.prvCopyDataFromQueue), (38 bytes).
    Removing queue.o(i.prvCopyDataToQueue), (108 bytes).
    Removing queue.o(i.prvIsQueueEmpty), (28 bytes).
    Removing queue.o(i.prvUnlockQueue), (106 bytes).
    Removing queue.o(i.uxQueueMessagesWaiting), (36 bytes).
    Removing queue.o(i.uxQueueMessagesWaitingFromISR), (22 bytes).
    Removing queue.o(i.uxQueueSpacesAvailable), (40 bytes).
    Removing queue.o(i.vQueueAddToRegistry), (40 bytes).
    Removing queue.o(i.vQueueDelete), (36 bytes).
    Removing queue.o(i.vQueueUnregisterQueue), (40 bytes).
    Removing queue.o(i.xQueueCreateMutex), (36 bytes).
    Removing queue.o(i.xQueueGenericCreate), (72 bytes).
    Removing queue.o(i.xQueueGenericReset), (136 bytes).
    Removing queue.o(i.xQueueGenericSend), (352 bytes).
    Removing queue.o(i.xQueueGenericSendFromISR), (188 bytes).
    Removing queue.o(i.xQueueGiveFromISR), (156 bytes).
    Removing queue.o(i.xQueueIsQueueEmptyFromISR), (30 bytes).
    Removing queue.o(i.xQueueIsQueueFullFromISR), (34 bytes).
    Removing queue.o(i.xQueuePeek), (308 bytes).
    Removing queue.o(i.xQueuePeekFromISR), (116 bytes).
    Removing queue.o(i.xQueueReceive), (312 bytes).
    Removing queue.o(i.xQueueReceiveFromISR), (154 bytes).
    Removing queue.o(i.xQueueSemaphoreTake), (376 bytes).
    Removing queue.o(.bss), (64 bytes).
    Removing stream_buffer.o(i.prvBytesInBuffer), (18 bytes).
    Removing stream_buffer.o(i.prvInitialiseNewStreamBuffer), (76 bytes).
    Removing stream_buffer.o(i.prvReadBytesFromBuffer), (140 bytes).
    Removing stream_buffer.o(i.prvReadMessageFromBuffer), (66 bytes).
    Removing stream_buffer.o(i.prvWriteBytesToBuffer), (130 bytes).
    Removing stream_buffer.o(i.prvWriteMessageToBuffer), (60 bytes).
    Removing stream_buffer.o(i.vStreamBufferDelete), (34 bytes).
    Removing stream_buffer.o(i.xStreamBufferBytesAvailable), (22 bytes).
    Removing stream_buffer.o(i.xStreamBufferGenericCreate), (82 bytes).
    Removing stream_buffer.o(i.xStreamBufferIsEmpty), (34 bytes).
    Removing stream_buffer.o(i.xStreamBufferIsFull), (48 bytes).
    Removing stream_buffer.o(i.xStreamBufferReceive), (212 bytes).
    Removing stream_buffer.o(i.xStreamBufferReceiveCompletedFromISR), (70 bytes).
    Removing stream_buffer.o(i.xStreamBufferReceiveFromISR), (144 bytes).
    Removing stream_buffer.o(i.xStreamBufferReset), (58 bytes).
    Removing stream_buffer.o(i.xStreamBufferSend), (236 bytes).
    Removing stream_buffer.o(i.xStreamBufferSendCompletedFromISR), (70 bytes).
    Removing stream_buffer.o(i.xStreamBufferSendFromISR), (142 bytes).
    Removing stream_buffer.o(i.xStreamBufferSetTriggerLevel), (40 bytes).
    Removing stream_buffer.o(i.xStreamBufferSpacesAvailable), (38 bytes).
    Removing tasks.o(i.pcTaskGetName), (32 bytes).
    Removing tasks.o(i.prvAddCurrentTaskToDelayedList), (112 bytes).
    Removing tasks.o(i.prvAddNewTaskToReadyList), (208 bytes).
    Removing tasks.o(i.prvDeleteTCB), (20 bytes).
    Removing tasks.o(i.prvIdleTask), (96 bytes).
    Removing tasks.o(i.prvInitialiseNewTask), (142 bytes).
    Removing tasks.o(i.prvTaskIsTaskSuspended), (52 bytes).
    Removing tasks.o(i.pvTaskIncrementMutexHeldCount), (24 bytes).
    Removing tasks.o(i.ulTaskNotifyTake), (104 bytes).
    Removing tasks.o(i.uxTaskGetNumberOfTasks), (12 bytes).
    Removing tasks.o(i.uxTaskPriorityGet), (28 bytes).
    Removing tasks.o(i.uxTaskPriorityGetFromISR), (44 bytes).
    Removing tasks.o(i.uxTaskResetEventItemValue), (24 bytes).
    Removing tasks.o(i.vTaskDelay), (76 bytes).
    Removing tasks.o(i.vTaskDelete), (172 bytes).
    Removing tasks.o(i.vTaskEndScheduler), (28 bytes).
    Removing tasks.o(i.vTaskInternalSetTimeOutState), (16 bytes).
    Removing tasks.o(i.vTaskMissedYield), (12 bytes).
    Removing tasks.o(i.vTaskNotifyGiveFromISR), (184 bytes).
    Removing tasks.o(i.vTaskPlaceOnEventList), (48 bytes).
    Removing tasks.o(i.vTaskPlaceOnUnorderedEventList), (80 bytes).
    Removing tasks.o(i.vTaskPriorityDisinheritAfterTimeout), (168 bytes).
    Removing tasks.o(i.vTaskPrioritySet), (196 bytes).
    Removing tasks.o(i.vTaskRemoveFromUnorderedEventList), (112 bytes).
    Removing tasks.o(i.vTaskResume), (124 bytes).
    Removing tasks.o(i.vTaskSetTimeOutState), (48 bytes).
    Removing tasks.o(i.vTaskStartScheduler), (104 bytes).
    Removing tasks.o(i.vTaskSuspend), (188 bytes).
    Removing tasks.o(i.vTaskSuspendAll), (16 bytes).
    Removing tasks.o(i.xTaskCheckForTimeOut), (116 bytes).
    Removing tasks.o(i.xTaskCreate), (86 bytes).
    Removing tasks.o(i.xTaskGenericNotify), (204 bytes).
    Removing tasks.o(i.xTaskGenericNotifyFromISR), (240 bytes).
    Removing tasks.o(i.xTaskGetCurrentTaskHandle), (12 bytes).
    Removing tasks.o(i.xTaskGetTickCount), (12 bytes).
    Removing tasks.o(i.xTaskGetTickCountFromISR), (16 bytes).
    Removing tasks.o(i.xTaskNotifyStateClear), (52 bytes).
    Removing tasks.o(i.xTaskNotifyWait), (140 bytes).
    Removing tasks.o(i.xTaskPriorityDisinherit), (152 bytes).
    Removing tasks.o(i.xTaskPriorityInherit), (148 bytes).
    Removing tasks.o(i.xTaskRemoveFromEventList), (116 bytes).
    Removing tasks.o(i.xTaskResumeAll), (196 bytes).
    Removing tasks.o(i.xTaskResumeFromISR), (136 bytes).
    Removing cmsis_os.o(.rev16_text), (4 bytes).
    Removing cmsis_os.o(.revsh_text), (4 bytes).
    Removing cmsis_os.o(.rrx_text), (6 bytes).
    Removing cmsis_os.o(i.inHandlerMode), (12 bytes).
    Removing cmsis_os.o(i.makeCmsisPriority), (14 bytes).
    Removing cmsis_os.o(i.makeFreeRtosPriority), (12 bytes).
    Removing cmsis_os.o(i.osAbortDelay), (4 bytes).
    Removing cmsis_os.o(i.osDelay), (14 bytes).
    Removing cmsis_os.o(i.osDelayUntil), (4 bytes).
    Removing cmsis_os.o(i.osKernelRunning), (18 bytes).
    Removing cmsis_os.o(i.osKernelStart), (10 bytes).
    Removing cmsis_os.o(i.osKernelSysTick), (24 bytes).
    Removing cmsis_os.o(i.osMailAlloc), (12 bytes).
    Removing cmsis_os.o(i.osMailCAlloc), (32 bytes).
    Removing cmsis_os.o(i.osMailCreate), (92 bytes).
    Removing cmsis_os.o(i.osMailFree), (12 bytes).
    Removing cmsis_os.o(i.osMailGet), (144 bytes).
    Removing cmsis_os.o(i.osMailPut), (92 bytes).
    Removing cmsis_os.o(i.osMessageAvailableSpace), (4 bytes).
    Removing cmsis_os.o(i.osMessageCreate), (8 bytes).
    Removing cmsis_os.o(i.osMessageDelete), (24 bytes).
    Removing cmsis_os.o(i.osMessageGet), (148 bytes).
    Removing cmsis_os.o(i.osMessagePeek), (74 bytes).
    Removing cmsis_os.o(i.osMessagePut), (92 bytes).
    Removing cmsis_os.o(i.osMessageWaiting), (30 bytes).
    Removing cmsis_os.o(i.osMutexCreate), (6 bytes).
    Removing cmsis_os.o(i.osMutexDelete), (24 bytes).
    Removing cmsis_os.o(i.osMutexRelease), (80 bytes).
    Removing cmsis_os.o(i.osMutexWait), (100 bytes).
    Removing cmsis_os.o(i.osPoolAlloc), (106 bytes).
    Removing cmsis_os.o(i.osPoolCAlloc), (16 bytes).
    Removing cmsis_os.o(i.osPoolCreate), (94 bytes).
    Removing cmsis_os.o(i.osPoolFree), (48 bytes).
    Removing cmsis_os.o(i.osRecursiveMutexCreate), (4 bytes).
    Removing cmsis_os.o(i.osRecursiveMutexRelease), (4 bytes).
    Removing cmsis_os.o(i.osRecursiveMutexWait), (4 bytes).
    Removing cmsis_os.o(i.osSemaphoreCreate), (38 bytes).
    Removing cmsis_os.o(i.osSemaphoreDelete), (24 bytes).
    Removing cmsis_os.o(i.osSemaphoreGetCount), (4 bytes).
    Removing cmsis_os.o(i.osSemaphoreRelease), (80 bytes).
    Removing cmsis_os.o(i.osSemaphoreWait), (100 bytes).
    Removing cmsis_os.o(i.osSignalSet), (92 bytes).
    Removing cmsis_os.o(i.osSignalWait), (86 bytes).
    Removing cmsis_os.o(i.osSystickHandler), (20 bytes).
    Removing cmsis_os.o(i.osThreadCreate), (46 bytes).
    Removing cmsis_os.o(i.osThreadGetId), (4 bytes).
    Removing cmsis_os.o(i.osThreadGetPriority), (32 bytes).
    Removing cmsis_os.o(i.osThreadList), (4 bytes).
    Removing cmsis_os.o(i.osThreadResume), (52 bytes).
    Removing cmsis_os.o(i.osThreadResumeAll), (18 bytes).
    Removing cmsis_os.o(i.osThreadSetPriority), (22 bytes).
    Removing cmsis_os.o(i.osThreadSuspend), (10 bytes).
    Removing cmsis_os.o(i.osThreadSuspendAll), (10 bytes).
    Removing cmsis_os.o(i.osThreadTerminate), (10 bytes).
    Removing cmsis_os.o(i.osThreadYield), (24 bytes).
    Removing cmsis_os.o(i.osTimerCreate), (4 bytes).
    Removing cmsis_os.o(i.osTimerDelete), (4 bytes).
    Removing cmsis_os.o(i.osTimerStart), (4 bytes).
    Removing cmsis_os.o(i.osTimerStop), (4 bytes).
    Removing heap_4.o(i.prvHeapInit), (76 bytes).
    Removing heap_4.o(i.prvInsertBlockIntoFreeList), (76 bytes).
    Removing heap_4.o(i.pvPortMalloc), (216 bytes).
    Removing heap_4.o(i.vPortFree), (92 bytes).
    Removing heap_4.o(i.vPortInitialiseBlocks), (2 bytes).
    Removing heap_4.o(i.xPortGetFreeHeapSize), (12 bytes).
    Removing heap_4.o(i.xPortGetMinimumEverFreeHeapSize), (12 bytes).
    Removing heap_4.o(.bss), (3072 bytes).
    Removing heap_4.o(.data), (24 bytes).
    Removing port.o(i.prvTaskExitError), (40 bytes).
    Removing port.o(i.pxPortInitialiseStack), (36 bytes).
    Removing port.o(i.vPortEndScheduler), (32 bytes).
    Removing port.o(i.vPortEnterCritical), (64 bytes).
    Removing port.o(i.vPortExitCritical), (40 bytes).
    Removing port.o(i.vPortSetupTimerInterrupt), (36 bytes).
    Removing port.o(i.vPortValidateInterruptPriority), (84 bytes).
    Removing port.o(i.xPortStartScheduler), (168 bytes).
    Removing port.o(.data), (12 bytes).
    Removing dfltui.o(.text), (26 bytes).

424 unused section(s) (total 26022 bytes) removed from the image.

==============================================================================

Image Symbol Table

    Local Symbols

    Symbol Name                              Value     Ov Type        Size  Object(Section)

    ../Drivers/STM32F1xx_HAL_Driver/Src/stm32f1xx_hal.c 0x00000000   Number         0  stm32f1xx_hal.o ABSOLUTE
    ../Drivers/STM32F1xx_HAL_Driver/Src/stm32f1xx_hal_cortex.c 0x00000000   Number         0  stm32f1xx_hal_cortex.o ABSOLUTE
    ../Drivers/STM32F1xx_HAL_Driver/Src/stm32f1xx_hal_dma.c 0x00000000   Number         0  stm32f1xx_hal_dma.o ABSOLUTE
    ../Drivers/STM32F1xx_HAL_Driver/Src/stm32f1xx_hal_exti.c 0x00000000   Number         0  stm32f1xx_hal_exti.o ABSOLUTE
    ../Drivers/STM32F1xx_HAL_Driver/Src/stm32f1xx_hal_flash.c 0x00000000   Number         0  stm32f1xx_hal_flash.o ABSOLUTE
    ../Drivers/STM32F1xx_HAL_Driver/Src/stm32f1xx_hal_flash_ex.c 0x00000000   Number         0  stm32f1xx_hal_flash_ex.o ABSOLUTE
    ../Drivers/STM32F1xx_HAL_Driver/Src/stm32f1xx_hal_gpio.c 0x00000000   Number         0  stm32f1xx_hal_gpio.o ABSOLUTE
    ../Drivers/STM32F1xx_HAL_Driver/Src/stm32f1xx_hal_gpio_ex.c 0x00000000   Number         0  stm32f1xx_hal_gpio_ex.o ABSOLUTE
    ../Drivers/STM32F1xx_HAL_Driver/Src/stm32f1xx_hal_pwr.c 0x00000000   Number         0  stm32f1xx_hal_pwr.o ABSOLUTE
    ../Drivers/STM32F1xx_HAL_Driver/Src/stm32f1xx_hal_rcc.c 0x00000000   Number         0  stm32f1xx_hal_rcc.o ABSOLUTE
    ../Drivers/STM32F1xx_HAL_Driver/Src/stm32f1xx_hal_rcc_ex.c 0x00000000   Number         0  stm32f1xx_hal_rcc_ex.o ABSOLUTE
    ../Drivers/STM32F1xx_HAL_Driver/Src/stm32f1xx_hal_tim.c 0x00000000   Number         0  stm32f1xx_hal_tim.o ABSOLUTE
    ../Drivers/STM32F1xx_HAL_Driver/Src/stm32f1xx_hal_tim_ex.c 0x00000000   Number         0  stm32f1xx_hal_tim_ex.o ABSOLUTE
    ../Drivers/STM32F1xx_HAL_Driver/Src/stm32f1xx_hal_uart.c 0x00000000   Number         0  stm32f1xx_hal_uart.o ABSOLUTE
    ../Middlewares/Third_Party/FreeRTOS/Source/CMSIS_RTOS/cmsis_os.c 0x00000000   Number         0  cmsis_os.o ABSOLUTE
    ../Middlewares/Third_Party/FreeRTOS/Source/croutine.c 0x00000000   Number         0  croutine.o ABSOLUTE
    ../Middlewares/Third_Party/FreeRTOS/Source/event_groups.c 0x00000000   Number         0  event_groups.o ABSOLUTE
    ../Middlewares/Third_Party/FreeRTOS/Source/list.c 0x00000000   Number         0  list.o ABSOLUTE
    ../Middlewares/Third_Party/FreeRTOS/Source/portable/MemMang/heap_4.c 0x00000000   Number         0  heap_4.o ABSOLUTE
    ../Middlewares/Third_Party/FreeRTOS/Source/portable/RVDS/ARM_CM3/port.c 0x00000000   Number         0  port.o ABSOLUTE
    ../Middlewares/Third_Party/FreeRTOS/Source/queue.c 0x00000000   Number         0  queue.o ABSOLUTE
    ../Middlewares/Third_Party/FreeRTOS/Source/stream_buffer.c 0x00000000   Number         0  stream_buffer.o ABSOLUTE
    ../Middlewares/Third_Party/FreeRTOS/Source/tasks.c 0x00000000   Number         0  tasks.o ABSOLUTE
    ../Middlewares/Third_Party/FreeRTOS/Source/timers.c 0x00000000   Number         0  timers.o ABSOLUTE
    ../Src/dma.c                             0x00000000   Number         0  dma.o ABSOLUTE
    ../Src/freertos.c                        0x00000000   Number         0  freertos.o ABSOLUTE
    ../Src/gpio.c                            0x00000000   Number         0  gpio.o ABSOLUTE
    ../Src/main.c                            0x00000000   Number         0  main.o ABSOLUTE
    ../Src/stm32f1xx_hal_msp.c               0x00000000   Number         0  stm32f1xx_hal_msp.o ABSOLUTE
    ../Src/stm32f1xx_it.c                    0x00000000   Number         0  stm32f1xx_it.o ABSOLUTE
    ../Src/system_stm32f1xx.c                0x00000000   Number         0  system_stm32f1xx.o ABSOLUTE
    ../Src/usart.c                           0x00000000   Number         0  usart.o ABSOLUTE
    ../clib/microlib/division.c              0x00000000   Number         0  uidiv.o ABSOLUTE
    ../clib/microlib/division.c              0x00000000   Number         0  uldiv.o ABSOLUTE
    ../clib/microlib/init/entry.s            0x00000000   Number         0  entry2.o ABSOLUTE
    ../clib/microlib/init/entry.s            0x00000000   Number         0  entry7b.o ABSOLUTE
    ../clib/microlib/init/entry.s            0x00000000   Number         0  entry8a.o ABSOLUTE
    ../clib/microlib/init/entry.s            0x00000000   Number         0  entry8b.o ABSOLUTE
    ../clib/microlib/init/entry.s            0x00000000   Number         0  entry9b.o ABSOLUTE
    ../clib/microlib/init/entry.s            0x00000000   Number         0  entry10a.o ABSOLUTE
    ../clib/microlib/init/entry.s            0x00000000   Number         0  entry11a.o ABSOLUTE
    ../clib/microlib/init/entry.s            0x00000000   Number         0  entry11b.o ABSOLUTE
    ../clib/microlib/init/entry.s            0x00000000   Number         0  entry10b.o ABSOLUTE
    ../clib/microlib/init/entry.s            0x00000000   Number         0  entry9a.o ABSOLUTE
    ../clib/microlib/init/entry.s            0x00000000   Number         0  entry.o ABSOLUTE
    ../clib/microlib/init/entry.s            0x00000000   Number         0  entry7a.o ABSOLUTE
    ../clib/microlib/init/entry.s            0x00000000   Number         0  entry5.o ABSOLUTE
    ../clib/microlib/longlong.c              0x00000000   Number         0  llsshr.o ABSOLUTE
    ../clib/microlib/longlong.c              0x00000000   Number         0  llshl.o ABSOLUTE
    ../clib/microlib/longlong.c              0x00000000   Number         0  llushr.o ABSOLUTE
    ../clib/microlib/printf/printf.c         0x00000000   Number         0  printf8.o ABSOLUTE
    ../clib/microlib/printf/printf.c         0x00000000   Number         0  printfa.o ABSOLUTE
    ../clib/microlib/printf/printf.c         0x00000000   Number         0  printf7.o ABSOLUTE
    ../clib/microlib/printf/printf.c         0x00000000   Number         0  printf6.o ABSOLUTE
    ../clib/microlib/printf/printf.c         0x00000000   Number         0  printf5.o ABSOLUTE
    ../clib/microlib/printf/printf.c         0x00000000   Number         0  printf4.o ABSOLUTE
    ../clib/microlib/printf/printf.c         0x00000000   Number         0  printf3.o ABSOLUTE
    ../clib/microlib/printf/printf.c         0x00000000   Number         0  printf2.o ABSOLUTE
    ../clib/microlib/printf/printf.c         0x00000000   Number         0  printf1.o ABSOLUTE
    ../clib/microlib/printf/printf.c         0x00000000   Number         0  printf0.o ABSOLUTE
    ../clib/microlib/printf/printf.c         0x00000000   Number         0  printfb.o ABSOLUTE
    ../clib/microlib/printf/stubs.s          0x00000000   Number         0  stubs.o ABSOLUTE
    ../clib/microlib/stdio/streams.c         0x00000000   Number         0  stdout.o ABSOLUTE
    ../clib/microlib/string/memcpy.c         0x00000000   Number         0  memcpyb.o ABSOLUTE
    ../clib/microlib/string/memcpy.c         0x00000000   Number         0  memcpya.o ABSOLUTE
    ../clib/microlib/string/memset.c         0x00000000   Number         0  memseta.o ABSOLUTE
    ../clib/microlib/string/memset.c         0x00000000   Number         0  memset.o ABSOLUTE
    ../clib/microlib/stubs.s                 0x00000000   Number         0  iusefp.o ABSOLUTE
    ../fplib/microlib/d2f.c                  0x00000000   Number         0  d2f.o ABSOLUTE
    ../fplib/microlib/f2d.c                  0x00000000   Number         0  f2d.o ABSOLUTE
    ../fplib/microlib/fpadd.c                0x00000000   Number         0  fadd.o ABSOLUTE
    ../fplib/microlib/fpadd.c                0x00000000   Number         0  dadd.o ABSOLUTE
    ../fplib/microlib/fpdiv.c                0x00000000   Number         0  ddiv.o ABSOLUTE
    ../fplib/microlib/fpepilogue.c           0x00000000   Number         0  fepilogue.o ABSOLUTE
    ../fplib/microlib/fpepilogue.c           0x00000000   Number         0  depilogue.o ABSOLUTE
    ../fplib/microlib/fpfix.c                0x00000000   Number         0  dfixul.o ABSOLUTE
    ../fplib/microlib/fpfix.c                0x00000000   Number         0  dfixui.o ABSOLUTE
    ../fplib/microlib/fpflt.c                0x00000000   Number         0  dflti.o ABSOLUTE
    ../fplib/microlib/fpflt.c                0x00000000   Number         0  dfltui.o ABSOLUTE
    ../fplib/microlib/fpmul.c                0x00000000   Number         0  dmul.o ABSOLUTE
    ../fplib/microlib/fpscalb.c              0x00000000   Number         0  dscalb.o ABSOLUTE
    ../mathlib/floor.c                       0x00000000   Number         0  floor.o ABSOLUTE
    ..\Drivers\STM32F1xx_HAL_Driver\Src\stm32f1xx_hal.c 0x00000000   Number         0  stm32f1xx_hal.o ABSOLUTE
    ..\Drivers\STM32F1xx_HAL_Driver\Src\stm32f1xx_hal_cortex.c 0x00000000   Number         0  stm32f1xx_hal_cortex.o ABSOLUTE
    ..\Drivers\STM32F1xx_HAL_Driver\Src\stm32f1xx_hal_dma.c 0x00000000   Number         0  stm32f1xx_hal_dma.o ABSOLUTE
    ..\Drivers\STM32F1xx_HAL_Driver\Src\stm32f1xx_hal_exti.c 0x00000000   Number         0  stm32f1xx_hal_exti.o ABSOLUTE
    ..\Drivers\STM32F1xx_HAL_Driver\Src\stm32f1xx_hal_flash.c 0x00000000   Number         0  stm32f1xx_hal_flash.o ABSOLUTE
    ..\Drivers\STM32F1xx_HAL_Driver\Src\stm32f1xx_hal_flash_ex.c 0x00000000   Number         0  stm32f1xx_hal_flash_ex.o ABSOLUTE
    ..\Drivers\STM32F1xx_HAL_Driver\Src\stm32f1xx_hal_gpio.c 0x00000000   Number         0  stm32f1xx_hal_gpio.o ABSOLUTE
    ..\Drivers\STM32F1xx_HAL_Driver\Src\stm32f1xx_hal_gpio_ex.c 0x00000000   Number         0  stm32f1xx_hal_gpio_ex.o ABSOLUTE
    ..\Drivers\STM32F1xx_HAL_Driver\Src\stm32f1xx_hal_pwr.c 0x00000000   Number         0  stm32f1xx_hal_pwr.o ABSOLUTE
    ..\Drivers\STM32F1xx_HAL_Driver\Src\stm32f1xx_hal_rcc.c 0x00000000   Number         0  stm32f1xx_hal_rcc.o ABSOLUTE
    ..\Drivers\STM32F1xx_HAL_Driver\Src\stm32f1xx_hal_rcc_ex.c 0x00000000   Number         0  stm32f1xx_hal_rcc_ex.o ABSOLUTE
    ..\Drivers\STM32F1xx_HAL_Driver\Src\stm32f1xx_hal_tim.c 0x00000000   Number         0  stm32f1xx_hal_tim.o ABSOLUTE
    ..\Drivers\STM32F1xx_HAL_Driver\Src\stm32f1xx_hal_tim_ex.c 0x00000000   Number         0  stm32f1xx_hal_tim_ex.o ABSOLUTE
    ..\Drivers\STM32F1xx_HAL_Driver\Src\stm32f1xx_hal_uart.c 0x00000000   Number         0  stm32f1xx_hal_uart.o ABSOLUTE
    ..\Middlewares\Third_Party\FreeRTOS\Source\CMSIS_RTOS\cmsis_os.c 0x00000000   Number         0  cmsis_os.o ABSOLUTE
    ..\Middlewares\Third_Party\FreeRTOS\Source\portable\RVDS\ARM_CM3\port.c 0x00000000   Number         0  port.o ABSOLUTE
    ..\Src\dma.c                             0x00000000   Number         0  dma.o ABSOLUTE
    ..\Src\freertos.c                        0x00000000   Number         0  freertos.o ABSOLUTE
    ..\Src\gpio.c                            0x00000000   Number         0  gpio.o ABSOLUTE
    ..\Src\main.c                            0x00000000   Number         0  main.o ABSOLUTE
    ..\Src\stm32f1xx_hal_msp.c               0x00000000   Number         0  stm32f1xx_hal_msp.o ABSOLUTE
    ..\Src\stm32f1xx_it.c                    0x00000000   Number         0  stm32f1xx_it.o ABSOLUTE
    ..\Src\system_stm32f1xx.c                0x00000000   Number         0  system_stm32f1xx.o ABSOLUTE
    ..\Src\usart.c                           0x00000000   Number         0  usart.o ABSOLUTE
    ..\\bsp\\boards\\bsp_buzzer.c            0x00000000   Number         0  bsp_buzzer.o ABSOLUTE
    ..\\bsp\\boards\\bsp_delay.c             0x00000000   Number         0  bsp_delay.o ABSOLUTE
    ..\\bsp\\boards\\bsp_imu.c               0x00000000   Number         0  bsp_imu.o ABSOLUTE
    ..\\bsp\\boards\\bsp_led.c               0x00000000   Number         0  bsp_led.o ABSOLUTE
    ..\\bsp\\boards\\bsp_servo_iic.c         0x00000000   Number         0  bsp_servo_iic.o ABSOLUTE
    ..\bsp\boards\bsp_buzzer.c               0x00000000   Number         0  bsp_buzzer.o ABSOLUTE
    ..\bsp\boards\bsp_delay.c                0x00000000   Number         0  bsp_delay.o ABSOLUTE
    ..\bsp\boards\bsp_imu.c                  0x00000000   Number         0  bsp_imu.o ABSOLUTE
    ..\bsp\boards\bsp_led.c                  0x00000000   Number         0  bsp_led.o ABSOLUTE
    ..\bsp\boards\bsp_servo_iic.c            0x00000000   Number         0  bsp_servo_iic.o ABSOLUTE
    cdrcmple.s                               0x00000000   Number         0  cdrcmple.o ABSOLUTE
    dc.s                                     0x00000000   Number         0  dc.o ABSOLUTE
    handlers.s                               0x00000000   Number         0  handlers.o ABSOLUTE
    init.s                                   0x00000000   Number         0  init.o ABSOLUTE
    startup_stm32f103xe.s                    0x00000000   Number         0  startup_stm32f103xe.o ABSOLUTE
    RESET                                    0x08000000   Section      304  startup_stm32f103xe.o(RESET)
    .ARM.Collect$$$$00000000                 0x08000130   Section        0  entry.o(.ARM.Collect$$$$00000000)
    .ARM.Collect$$$$00000001                 0x08000130   Section        4  entry2.o(.ARM.Collect$$$$00000001)
    .ARM.Collect$$$$00000004                 0x08000134   Section        4  entry5.o(.ARM.Collect$$$$00000004)
    .ARM.Collect$$$$00000008                 0x08000138   Section        0  entry7b.o(.ARM.Collect$$$$00000008)
    .ARM.Collect$$$$0000000A                 0x08000138   Section        0  entry8b.o(.ARM.Collect$$$$0000000A)
    .ARM.Collect$$$$0000000B                 0x08000138   Section        8  entry9a.o(.ARM.Collect$$$$0000000B)
    .ARM.Collect$$$$0000000D                 0x08000140   Section        0  entry10a.o(.ARM.Collect$$$$0000000D)
    .ARM.Collect$$$$0000000F                 0x08000140   Section        0  entry11a.o(.ARM.Collect$$$$0000000F)
    .ARM.Collect$$$$00002712                 0x08000140   Section        4  entry2.o(.ARM.Collect$$$$00002712)
    __lit__00000000                          0x08000140   Data           4  entry2.o(.ARM.Collect$$$$00002712)
    .emb_text                                0x08000144   Section      150  port.o(.emb_text)
    .text                                    0x080001dc   Section       36  startup_stm32f103xe.o(.text)
    .text                                    0x08000200   Section        0  llushr.o(.text)
    .text                                    0x08000220   Section        0  memseta.o(.text)
    .text                                    0x08000244   Section        0  fadd.o(.text)
    .text                                    0x080002f4   Section        0  dadd.o(.text)
    .text                                    0x08000442   Section        0  dmul.o(.text)
    .text                                    0x08000526   Section        0  ddiv.o(.text)
    .text                                    0x08000604   Section        0  dscalb.o(.text)
    .text                                    0x08000632   Section        0  dflti.o(.text)
    .text                                    0x08000654   Section        0  dfixui.o(.text)
    .text                                    0x08000686   Section        0  f2d.o(.text)
    .text                                    0x080006ac   Section        0  d2f.o(.text)
    .text                                    0x080006e4   Section        0  uidiv.o(.text)
    .text                                    0x08000710   Section        0  uldiv.o(.text)
    .text                                    0x08000772   Section        0  llshl.o(.text)
    .text                                    0x08000790   Section        0  llsshr.o(.text)
    .text                                    0x080007b4   Section        0  fepilogue.o(.text)
    .text                                    0x080007b4   Section        0  iusefp.o(.text)
    .text                                    0x08000822   Section        0  depilogue.o(.text)
    .text                                    0x080008dc   Section        0  dfixul.o(.text)
    .text                                    0x0800090c   Section       48  cdrcmple.o(.text)
    .text                                    0x0800093c   Section       36  init.o(.text)
    i.BusFault_Handler                       0x08000960   Section        0  stm32f1xx_it.o(i.BusFault_Handler)
    i.DMA1_Channel3_IRQHandler               0x08000964   Section        0  stm32f1xx_it.o(i.DMA1_Channel3_IRQHandler)
    i.DMA1_Channel4_IRQHandler               0x08000970   Section        0  stm32f1xx_it.o(i.DMA1_Channel4_IRQHandler)
    i.DMA1_Channel5_IRQHandler               0x0800097c   Section        0  stm32f1xx_it.o(i.DMA1_Channel5_IRQHandler)
    i.DMA1_Channel6_IRQHandler               0x08000988   Section        0  stm32f1xx_it.o(i.DMA1_Channel6_IRQHandler)
    i.DMA1_Channel7_IRQHandler               0x08000994   Section        0  stm32f1xx_it.o(i.DMA1_Channel7_IRQHandler)
    i.DMA_SetConfig                          0x080009a0   Section        0  stm32f1xx_hal_dma.o(i.DMA_SetConfig)
    DMA_SetConfig                            0x080009a1   Thumb Code    42  stm32f1xx_hal_dma.o(i.DMA_SetConfig)
    i.DebugMon_Handler                       0x080009ca   Section        0  stm32f1xx_it.o(i.DebugMon_Handler)
    i.Error_Handler                          0x080009cc   Section        0  main.o(i.Error_Handler)
    i.HAL_DMA_Abort                          0x080009ce   Section        0  stm32f1xx_hal_dma.o(i.HAL_DMA_Abort)
    i.HAL_DMA_Abort_IT                       0x08000a14   Section        0  stm32f1xx_hal_dma.o(i.HAL_DMA_Abort_IT)
    i.HAL_DMA_IRQHandler                     0x08000b44   Section        0  stm32f1xx_hal_dma.o(i.HAL_DMA_IRQHandler)
    i.HAL_DMA_Init                           0x08000d8c   Section        0  stm32f1xx_hal_dma.o(i.HAL_DMA_Init)
    i.HAL_DMA_Start_IT                       0x08000e08   Section        0  stm32f1xx_hal_dma.o(i.HAL_DMA_Start_IT)
    i.HAL_Delay                              0x08000e78   Section        0  stm32f1xx_hal.o(i.HAL_Delay)
    i.HAL_GPIO_Init                          0x08000e9c   Section        0  stm32f1xx_hal_gpio.o(i.HAL_GPIO_Init)
    i.HAL_GPIO_ReadPin                       0x08001094   Section        0  stm32f1xx_hal_gpio.o(i.HAL_GPIO_ReadPin)
    i.HAL_GPIO_WritePin                      0x0800109e   Section        0  stm32f1xx_hal_gpio.o(i.HAL_GPIO_WritePin)
    i.HAL_GetTick                            0x080010a8   Section        0  stm32f1xx_hal.o(i.HAL_GetTick)
    i.HAL_IncTick                            0x080010b4   Section        0  stm32f1xx_hal.o(i.HAL_IncTick)
    i.HAL_Init                               0x080010c4   Section        0  stm32f1xx_hal.o(i.HAL_Init)
    i.HAL_InitTick                           0x080010e8   Section        0  stm32f1xx_hal.o(i.HAL_InitTick)
    i.HAL_MspInit                            0x08001128   Section        0  stm32f1xx_hal_msp.o(i.HAL_MspInit)
    i.HAL_NVIC_EnableIRQ                     0x08001170   Section        0  stm32f1xx_hal_cortex.o(i.HAL_NVIC_EnableIRQ)
    i.HAL_NVIC_SetPriority                   0x0800118c   Section        0  stm32f1xx_hal_cortex.o(i.HAL_NVIC_SetPriority)
    i.HAL_NVIC_SetPriorityGrouping           0x080011cc   Section        0  stm32f1xx_hal_cortex.o(i.HAL_NVIC_SetPriorityGrouping)
    i.HAL_RCC_ClockConfig                    0x080011f0   Section        0  stm32f1xx_hal_rcc.o(i.HAL_RCC_ClockConfig)
    i.HAL_RCC_GetPCLK1Freq                   0x0800131c   Section        0  stm32f1xx_hal_rcc.o(i.HAL_RCC_GetPCLK1Freq)
    i.HAL_RCC_GetPCLK2Freq                   0x0800133c   Section        0  stm32f1xx_hal_rcc.o(i.HAL_RCC_GetPCLK2Freq)
    i.HAL_RCC_GetSysClockFreq                0x0800135c   Section        0  stm32f1xx_hal_rcc.o(i.HAL_RCC_GetSysClockFreq)
    i.HAL_RCC_OscConfig                      0x080013c8   Section        0  stm32f1xx_hal_rcc.o(i.HAL_RCC_OscConfig)
    i.HAL_SYSTICK_Config                     0x080016e8   Section        0  stm32f1xx_hal_cortex.o(i.HAL_SYSTICK_Config)
    i.HAL_UART_DMAStop                       0x08001710   Section        0  stm32f1xx_hal_uart.o(i.HAL_UART_DMAStop)
    i.HAL_UART_ErrorCallback                 0x08001768   Section        0  stm32f1xx_hal_uart.o(i.HAL_UART_ErrorCallback)
    i.HAL_UART_IRQHandler                    0x0800176c   Section        0  stm32f1xx_hal_uart.o(i.HAL_UART_IRQHandler)
    i.HAL_UART_Init                          0x0800187c   Section        0  stm32f1xx_hal_uart.o(i.HAL_UART_Init)
    i.HAL_UART_MspInit                       0x080018e0   Section        0  usart.o(i.HAL_UART_MspInit)
    i.HAL_UART_Receive_DMA                   0x08001bec   Section        0  stm32f1xx_hal_uart.o(i.HAL_UART_Receive_DMA)
    i.HAL_UART_RxCpltCallback                0x08001c84   Section        0  stm32f1xx_hal_uart.o(i.HAL_UART_RxCpltCallback)
    i.HAL_UART_RxHalfCpltCallback            0x08001c86   Section        0  stm32f1xx_hal_uart.o(i.HAL_UART_RxHalfCpltCallback)
    i.HAL_UART_Transmit                      0x08001c88   Section        0  stm32f1xx_hal_uart.o(i.HAL_UART_Transmit)
    i.HAL_UART_TxCpltCallback                0x08001d42   Section        0  stm32f1xx_hal_uart.o(i.HAL_UART_TxCpltCallback)
    i.HardFault_Handler                      0x08001d44   Section        0  stm32f1xx_it.o(i.HardFault_Handler)
    i.MX_DMA_Init                            0x08001d48   Section        0  dma.o(i.MX_DMA_Init)
    i.MX_GPIO_Init                           0x08001db4   Section        0  gpio.o(i.MX_GPIO_Init)
    i.MX_UART4_Init                          0x08001e80   Section        0  usart.o(i.MX_UART4_Init)
    i.MX_UART5_Init                          0x08001eb8   Section        0  usart.o(i.MX_UART5_Init)
    i.MX_USART1_UART_Init                    0x08001ef0   Section        0  usart.o(i.MX_USART1_UART_Init)
    i.MX_USART2_UART_Init                    0x08001f28   Section        0  usart.o(i.MX_USART2_UART_Init)
    i.MX_USART3_UART_Init                    0x08001f60   Section        0  usart.o(i.MX_USART3_UART_Init)
    i.MemManage_Handler                      0x08001f98   Section        0  stm32f1xx_it.o(i.MemManage_Handler)
    i.NMI_Handler                            0x08001f9a   Section        0  stm32f1xx_it.o(i.NMI_Handler)
    i.SysTick_Handler                        0x08001f9c   Section        0  stm32f1xx_it.o(i.SysTick_Handler)
    i.SystemClock_Config                     0x08001fb4   Section        0  main.o(i.SystemClock_Config)
    i.SystemInit                             0x08002004   Section        0  system_stm32f1xx.o(i.SystemInit)
    i.UART_DMAAbortOnError                   0x0800204c   Section        0  stm32f1xx_hal_uart.o(i.UART_DMAAbortOnError)
    UART_DMAAbortOnError                     0x0800204d   Thumb Code    16  stm32f1xx_hal_uart.o(i.UART_DMAAbortOnError)
    i.UART_DMAError                          0x0800205c   Section        0  stm32f1xx_hal_uart.o(i.UART_DMAError)
    UART_DMAError                            0x0800205d   Thumb Code    74  stm32f1xx_hal_uart.o(i.UART_DMAError)
    i.UART_DMAReceiveCplt                    0x080020a6   Section        0  stm32f1xx_hal_uart.o(i.UART_DMAReceiveCplt)
    UART_DMAReceiveCplt                      0x080020a7   Thumb Code    60  stm32f1xx_hal_uart.o(i.UART_DMAReceiveCplt)
    i.UART_DMARxHalfCplt                     0x080020e2   Section        0  stm32f1xx_hal_uart.o(i.UART_DMARxHalfCplt)
    UART_DMARxHalfCplt                       0x080020e3   Thumb Code    10  stm32f1xx_hal_uart.o(i.UART_DMARxHalfCplt)
    i.UART_EndRxTransfer                     0x080020ec   Section        0  stm32f1xx_hal_uart.o(i.UART_EndRxTransfer)
    UART_EndRxTransfer                       0x080020ed   Thumb Code    28  stm32f1xx_hal_uart.o(i.UART_EndRxTransfer)
    i.UART_EndTxTransfer                     0x08002108   Section        0  stm32f1xx_hal_uart.o(i.UART_EndTxTransfer)
    UART_EndTxTransfer                       0x08002109   Thumb Code    18  stm32f1xx_hal_uart.o(i.UART_EndTxTransfer)
    i.UART_Receive_IT                        0x0800211a   Section        0  stm32f1xx_hal_uart.o(i.UART_Receive_IT)
    UART_Receive_IT                          0x0800211b   Thumb Code   150  stm32f1xx_hal_uart.o(i.UART_Receive_IT)
    i.UART_SetConfig                         0x080021b0   Section        0  stm32f1xx_hal_uart.o(i.UART_SetConfig)
    UART_SetConfig                           0x080021b1   Thumb Code   178  stm32f1xx_hal_uart.o(i.UART_SetConfig)
    i.UART_Transmit_IT                       0x08002268   Section        0  stm32f1xx_hal_uart.o(i.UART_Transmit_IT)
    UART_Transmit_IT                         0x08002269   Thumb Code    98  stm32f1xx_hal_uart.o(i.UART_Transmit_IT)
    i.UART_WaitOnFlagUntilTimeout            0x080022ca   Section        0  stm32f1xx_hal_uart.o(i.UART_WaitOnFlagUntilTimeout)
    UART_WaitOnFlagUntilTimeout              0x080022cb   Thumb Code   100  stm32f1xx_hal_uart.o(i.UART_WaitOnFlagUntilTimeout)
    i.USART3_IRQHandler                      0x08002330   Section        0  bsp_imu.o(i.USART3_IRQHandler)
    i.UsageFault_Handler                     0x080024d4   Section        0  stm32f1xx_it.o(i.UsageFault_Handler)
    i.__0printf                              0x080024d8   Section        0  printfa.o(i.__0printf)
    i.__NVIC_SetPriority                     0x080024f8   Section        0  stm32f1xx_hal_cortex.o(i.__NVIC_SetPriority)
    __NVIC_SetPriority                       0x080024f9   Thumb Code    32  stm32f1xx_hal_cortex.o(i.__NVIC_SetPriority)
    i.__scatterload_copy                     0x08002518   Section       14  handlers.o(i.__scatterload_copy)
    i.__scatterload_null                     0x08002526   Section        2  handlers.o(i.__scatterload_null)
    i.__scatterload_zeroinit                 0x08002528   Section       14  handlers.o(i.__scatterload_zeroinit)
    i._fp_digits                             0x08002538   Section        0  printfa.o(i._fp_digits)
    _fp_digits                               0x08002539   Thumb Code   366  printfa.o(i._fp_digits)
    i._printf_core                           0x080026bc   Section        0  printfa.o(i._printf_core)
    _printf_core                             0x080026bd   Thumb Code  1744  printfa.o(i._printf_core)
    i._printf_post_padding                   0x08002d98   Section        0  printfa.o(i._printf_post_padding)
    _printf_post_padding                     0x08002d99   Thumb Code    36  printfa.o(i._printf_post_padding)
    i._printf_pre_padding                    0x08002dbc   Section        0  printfa.o(i._printf_pre_padding)
    _printf_pre_padding                      0x08002dbd   Thumb Code    46  printfa.o(i._printf_pre_padding)
    i.delay_init                             0x08002dec   Section        0  bsp_delay.o(i.delay_init)
    i.delay_us                               0x08002e14   Section        0  bsp_delay.o(i.delay_us)
    i.floor                                  0x08002e48   Section        0  floor.o(i.floor)
    i.fputc                                  0x08002f24   Section        0  usart.o(i.fputc)
    i.iic_ack                                0x08002f3c   Section        0  bsp_servo_iic.o(i.iic_ack)
    i.iic_not_ack                            0x08002f8c   Section        0  bsp_servo_iic.o(i.iic_not_ack)
    i.iic_read_byte                          0x08002fdc   Section        0  bsp_servo_iic.o(i.iic_read_byte)
    i.iic_send_byte                          0x08003048   Section        0  bsp_servo_iic.o(i.iic_send_byte)
    i.iic_start                              0x080030ac   Section        0  bsp_servo_iic.o(i.iic_start)
    i.iic_stop                               0x080030fc   Section        0  bsp_servo_iic.o(i.iic_stop)
    i.iic_wait_ack                           0x0800314c   Section        0  bsp_servo_iic.o(i.iic_wait_ack)
    i.imu_receive_init                       0x080031b4   Section        0  bsp_imu.o(i.imu_receive_init)
    i.main                                   0x080031d4   Section        0  main.o(i.main)
    i.pca_init                               0x08003210   Section        0  bsp_servo_iic.o(i.pca_init)
    i.pca_read                               0x0800322e   Section        0  bsp_servo_iic.o(i.pca_read)
    i.pca_setfreq                            0x08003268   Section        0  bsp_servo_iic.o(i.pca_setfreq)
    i.pca_write                              0x08003308   Section        0  bsp_servo_iic.o(i.pca_write)
    i.prvResetNextTaskUnblockTime            0x08003338   Section        0  tasks.o(i.prvResetNextTaskUnblockTime)
    prvResetNextTaskUnblockTime              0x08003339   Thumb Code    26  tasks.o(i.prvResetNextTaskUnblockTime)
    i.uxListRemove                           0x08003358   Section        0  list.o(i.uxListRemove)
    i.vListInsertEnd                         0x0800337e   Section        0  list.o(i.vListInsertEnd)
    i.vTaskSwitchContext                     0x08003398   Section        0  tasks.o(i.vTaskSwitchContext)
    i.xPortSysTickHandler                    0x080033f4   Section        0  port.o(i.xPortSysTickHandler)
    i.xTaskGetSchedulerState                 0x08003420   Section        0  tasks.o(i.xTaskGetSchedulerState)
    i.xTaskIncrementTick                     0x0800343c   Section        0  tasks.o(i.xTaskIncrementTick)
    .constdata                               0x08003504   Section       16  system_stm32f1xx.o(.constdata)
    .constdata                               0x08003514   Section        8  system_stm32f1xx.o(.constdata)
    .data                                    0x20000000   Section       12  stm32f1xx_hal.o(.data)
    .data                                    0x2000000c   Section        4  system_stm32f1xx.o(.data)
    .data                                    0x20000010   Section        8  bsp_delay.o(.data)
    fac_us                                   0x20000010   Data           1  bsp_delay.o(.data)
    fac_ms                                   0x20000014   Data           4  bsp_delay.o(.data)
    .data                                    0x20000018   Section        1  bsp_imu.o(.data)
    .data                                    0x2000001c   Section       60  tasks.o(.data)
    pxDelayedTaskList                        0x20000020   Data           4  tasks.o(.data)
    pxOverflowDelayedTaskList                0x20000024   Data           4  tasks.o(.data)
    uxDeletedTasksWaitingCleanUp             0x20000028   Data           4  tasks.o(.data)
    uxCurrentNumberOfTasks                   0x2000002c   Data           4  tasks.o(.data)
    xTickCount                               0x20000030   Data           4  tasks.o(.data)
    uxTopReadyPriority                       0x20000034   Data           4  tasks.o(.data)
    xSchedulerRunning                        0x20000038   Data           4  tasks.o(.data)
    uxPendedTicks                            0x2000003c   Data           4  tasks.o(.data)
    xYieldPending                            0x20000040   Data           4  tasks.o(.data)
    xNumOfOverflows                          0x20000044   Data           4  tasks.o(.data)
    uxTaskNumber                             0x20000048   Data           4  tasks.o(.data)
    xNextTaskUnblockTime                     0x2000004c   Data           4  tasks.o(.data)
    xIdleTaskHandle                          0x20000050   Data           4  tasks.o(.data)
    uxSchedulerSuspended                     0x20000054   Data           4  tasks.o(.data)
    .data                                    0x20000058   Section        4  stdout.o(.data)
    .bss                                     0x2000005c   Section      660  usart.o(.bss)
    .bss                                     0x200002f0   Section      228  bsp_imu.o(.bss)
    .bss                                     0x200003d4   Section      240  tasks.o(.bss)
    pxReadyTasksLists                        0x200003d4   Data         140  tasks.o(.bss)
    xDelayedTaskList1                        0x20000460   Data          20  tasks.o(.bss)
    xDelayedTaskList2                        0x20000474   Data          20  tasks.o(.bss)
    xPendingReadyList                        0x20000488   Data          20  tasks.o(.bss)
    xTasksWaitingTermination                 0x2000049c   Data          20  tasks.o(.bss)
    xSuspendedTaskList                       0x200004b0   Data          20  tasks.o(.bss)
    STACK                                    0x200004c8   Section     1024  startup_stm32f103xe.o(STACK)

    Global Symbols

    Symbol Name                              Value     Ov Type        Size  Object(Section)

    BuildAttributes$$THM_ISAv4$P$D$K$B$S$PE$A:L22UL41UL21$X:L11$S22US41US21$IEEE1$IW$USESV6$~STKCKD$USESV7$~SHL$OTIME$ROPI$IEEEJ$EBA8$MICROLIB$REQ8$PRES8$EABIv2 0x00000000   Number         0  anon$$obj.o ABSOLUTE
    __ARM_use_no_argv                        0x00000000   Number         0  main.o ABSOLUTE
    _printf_a                                0x00000000   Number         0  stubs.o ABSOLUTE
    _printf_c                                0x00000000   Number         0  stubs.o ABSOLUTE
    _printf_charcount                        0x00000000   Number         0  stubs.o ABSOLUTE
    _printf_d                                0x00000000   Number         0  stubs.o ABSOLUTE
    _printf_e                                0x00000000   Number         0  stubs.o ABSOLUTE
    _printf_f                                0x00000000   Number         0  stubs.o ABSOLUTE
    _printf_flags                            0x00000000   Number         0  stubs.o ABSOLUTE
    _printf_fp_dec                           0x00000000   Number         0  stubs.o ABSOLUTE
    _printf_fp_hex                           0x00000000   Number         0  stubs.o ABSOLUTE
    _printf_g                                0x00000000   Number         0  stubs.o ABSOLUTE
    _printf_i                                0x00000000   Number         0  stubs.o ABSOLUTE
    _printf_int_dec                          0x00000000   Number         0  stubs.o ABSOLUTE
    _printf_l                                0x00000000   Number         0  stubs.o ABSOLUTE
    _printf_lc                               0x00000000   Number         0  stubs.o ABSOLUTE
    _printf_ll                               0x00000000   Number         0  stubs.o ABSOLUTE
    _printf_lld                              0x00000000   Number         0  stubs.o ABSOLUTE
    _printf_lli                              0x00000000   Number         0  stubs.o ABSOLUTE
    _printf_llo                              0x00000000   Number         0  stubs.o ABSOLUTE
    _printf_llu                              0x00000000   Number         0  stubs.o ABSOLUTE
    _printf_llx                              0x00000000   Number         0  stubs.o ABSOLUTE
    _printf_longlong_dec                     0x00000000   Number         0  stubs.o ABSOLUTE
    _printf_longlong_hex                     0x00000000   Number         0  stubs.o ABSOLUTE
    _printf_longlong_oct                     0x00000000   Number         0  stubs.o ABSOLUTE
    _printf_ls                               0x00000000   Number         0  stubs.o ABSOLUTE
    _printf_mbtowc                           0x00000000   Number         0  stubs.o ABSOLUTE
    _printf_n                                0x00000000   Number         0  stubs.o ABSOLUTE
    _printf_o                                0x00000000   Number         0  stubs.o ABSOLUTE
    _printf_p                                0x00000000   Number         0  stubs.o ABSOLUTE
    _printf_percent                          0x00000000   Number         0  stubs.o ABSOLUTE
    _printf_pre_padding                      0x00000000   Number         0  stubs.o ABSOLUTE
    _printf_return_value                     0x00000000   Number         0  stubs.o ABSOLUTE
    _printf_s                                0x00000000   Number         0  stubs.o ABSOLUTE
    _printf_sizespec                         0x00000000   Number         0  stubs.o ABSOLUTE
    _printf_str                              0x00000000   Number         0  stubs.o ABSOLUTE
    _printf_truncate_signed                  0x00000000   Number         0  stubs.o ABSOLUTE
    _printf_truncate_unsigned                0x00000000   Number         0  stubs.o ABSOLUTE
    _printf_u                                0x00000000   Number         0  stubs.o ABSOLUTE
    _printf_wc                               0x00000000   Number         0  stubs.o ABSOLUTE
    _printf_wctomb                           0x00000000   Number         0  stubs.o ABSOLUTE
    _printf_widthprec                        0x00000000   Number         0  stubs.o ABSOLUTE
    _printf_x                                0x00000000   Number         0  stubs.o ABSOLUTE
    __cpp_initialize__aeabi_                  - Undefined Weak Reference
    __cxa_finalize                            - Undefined Weak Reference
    __decompress                              - Undefined Weak Reference
    _clock_init                               - Undefined Weak Reference
    _microlib_exit                            - Undefined Weak Reference
    __Vectors_Size                           0x00000130   Number         0  startup_stm32f103xe.o ABSOLUTE
    __Vectors                                0x08000000   Data           4  startup_stm32f103xe.o(RESET)
    __Vectors_End                            0x08000130   Data           0  startup_stm32f103xe.o(RESET)
    __main                                   0x08000131   Thumb Code     0  entry.o(.ARM.Collect$$$$00000000)
    _main_stk                                0x08000131   Thumb Code     0  entry2.o(.ARM.Collect$$$$00000001)
    _main_scatterload                        0x08000135   Thumb Code     0  entry5.o(.ARM.Collect$$$$00000004)
    __main_after_scatterload                 0x08000139   Thumb Code     0  entry5.o(.ARM.Collect$$$$00000004)
    _main_clock                              0x08000139   Thumb Code     0  entry7b.o(.ARM.Collect$$$$00000008)
    _main_cpp_init                           0x08000139   Thumb Code     0  entry8b.o(.ARM.Collect$$$$0000000A)
    _main_init                               0x08000139   Thumb Code     0  entry9a.o(.ARM.Collect$$$$0000000B)
    __rt_final_cpp                           0x08000141   Thumb Code     0  entry10a.o(.ARM.Collect$$$$0000000D)
    __rt_final_exit                          0x08000141   Thumb Code     0  entry11a.o(.ARM.Collect$$$$0000000F)
    SVC_Handler                              0x08000145   Thumb Code    32  port.o(.emb_text)
    __asm___6_port_c_39a90d8d__prvStartFirstTask 0x08000169   Thumb Code    28  port.o(.emb_text)
    PendSV_Handler                           0x08000189   Thumb Code    72  port.o(.emb_text)
    vPortGetIPSR                             0x080001d5   Thumb Code     6  port.o(.emb_text)
    Reset_Handler                            0x080001dd   Thumb Code     8  startup_stm32f103xe.o(.text)
    ADC1_2_IRQHandler                        0x080001f7   Thumb Code     0  startup_stm32f103xe.o(.text)
    ADC3_IRQHandler                          0x080001f7   Thumb Code     0  startup_stm32f103xe.o(.text)
    CAN1_RX1_IRQHandler                      0x080001f7   Thumb Code     0  startup_stm32f103xe.o(.text)
    CAN1_SCE_IRQHandler                      0x080001f7   Thumb Code     0  startup_stm32f103xe.o(.text)
    DMA1_Channel1_IRQHandler                 0x080001f7   Thumb Code     0  startup_stm32f103xe.o(.text)
    DMA1_Channel2_IRQHandler                 0x080001f7   Thumb Code     0  startup_stm32f103xe.o(.text)
    DMA2_Channel1_IRQHandler                 0x080001f7   Thumb Code     0  startup_stm32f103xe.o(.text)
    DMA2_Channel2_IRQHandler                 0x080001f7   Thumb Code     0  startup_stm32f103xe.o(.text)
    DMA2_Channel3_IRQHandler                 0x080001f7   Thumb Code     0  startup_stm32f103xe.o(.text)
    DMA2_Channel4_5_IRQHandler               0x080001f7   Thumb Code     0  startup_stm32f103xe.o(.text)
    EXTI0_IRQHandler                         0x080001f7   Thumb Code     0  startup_stm32f103xe.o(.text)
    EXTI15_10_IRQHandler                     0x080001f7   Thumb Code     0  startup_stm32f103xe.o(.text)
    EXTI1_IRQHandler                         0x080001f7   Thumb Code     0  startup_stm32f103xe.o(.text)
    EXTI2_IRQHandler                         0x080001f7   Thumb Code     0  startup_stm32f103xe.o(.text)
    EXTI3_IRQHandler                         0x080001f7   Thumb Code     0  startup_stm32f103xe.o(.text)
    EXTI4_IRQHandler                         0x080001f7   Thumb Code     0  startup_stm32f103xe.o(.text)
    EXTI9_5_IRQHandler                       0x080001f7   Thumb Code     0  startup_stm32f103xe.o(.text)
    FLASH_IRQHandler                         0x080001f7   Thumb Code     0  startup_stm32f103xe.o(.text)
    FSMC_IRQHandler                          0x080001f7   Thumb Code     0  startup_stm32f103xe.o(.text)
    I2C1_ER_IRQHandler                       0x080001f7   Thumb Code     0  startup_stm32f103xe.o(.text)
    I2C1_EV_IRQHandler                       0x080001f7   Thumb Code     0  startup_stm32f103xe.o(.text)
    I2C2_ER_IRQHandler                       0x080001f7   Thumb Code     0  startup_stm32f103xe.o(.text)
    I2C2_EV_IRQHandler                       0x080001f7   Thumb Code     0  startup_stm32f103xe.o(.text)
    PVD_IRQHandler                           0x080001f7   Thumb Code     0  startup_stm32f103xe.o(.text)
    RCC_IRQHandler                           0x080001f7   Thumb Code     0  startup_stm32f103xe.o(.text)
    RTC_Alarm_IRQHandler                     0x080001f7   Thumb Code     0  startup_stm32f103xe.o(.text)
    RTC_IRQHandler                           0x080001f7   Thumb Code     0  startup_stm32f103xe.o(.text)
    SDIO_IRQHandler                          0x080001f7   Thumb Code     0  startup_stm32f103xe.o(.text)
    SPI1_IRQHandler                          0x080001f7   Thumb Code     0  startup_stm32f103xe.o(.text)
    SPI2_IRQHandler                          0x080001f7   Thumb Code     0  startup_stm32f103xe.o(.text)
    SPI3_IRQHandler                          0x080001f7   Thumb Code     0  startup_stm32f103xe.o(.text)
    TAMPER_IRQHandler                        0x080001f7   Thumb Code     0  startup_stm32f103xe.o(.text)
    TIM1_BRK_IRQHandler                      0x080001f7   Thumb Code     0  startup_stm32f103xe.o(.text)
    TIM1_CC_IRQHandler                       0x080001f7   Thumb Code     0  startup_stm32f103xe.o(.text)
    TIM1_TRG_COM_IRQHandler                  0x080001f7   Thumb Code     0  startup_stm32f103xe.o(.text)
    TIM1_UP_IRQHandler                       0x080001f7   Thumb Code     0  startup_stm32f103xe.o(.text)
    TIM2_IRQHandler                          0x080001f7   Thumb Code     0  startup_stm32f103xe.o(.text)
    TIM3_IRQHandler                          0x080001f7   Thumb Code     0  startup_stm32f103xe.o(.text)
    TIM4_IRQHandler                          0x080001f7   Thumb Code     0  startup_stm32f103xe.o(.text)
    TIM5_IRQHandler                          0x080001f7   Thumb Code     0  startup_stm32f103xe.o(.text)
    TIM6_IRQHandler                          0x080001f7   Thumb Code     0  startup_stm32f103xe.o(.text)
    TIM7_IRQHandler                          0x080001f7   Thumb Code     0  startup_stm32f103xe.o(.text)
    TIM8_BRK_IRQHandler                      0x080001f7   Thumb Code     0  startup_stm32f103xe.o(.text)
    TIM8_CC_IRQHandler                       0x080001f7   Thumb Code     0  startup_stm32f103xe.o(.text)
    TIM8_TRG_COM_IRQHandler                  0x080001f7   Thumb Code     0  startup_stm32f103xe.o(.text)
    TIM8_UP_IRQHandler                       0x080001f7   Thumb Code     0  startup_stm32f103xe.o(.text)
    UART4_IRQHandler                         0x080001f7   Thumb Code     0  startup_stm32f103xe.o(.text)
    UART5_IRQHandler                         0x080001f7   Thumb Code     0  startup_stm32f103xe.o(.text)
    USART1_IRQHandler                        0x080001f7   Thumb Code     0  startup_stm32f103xe.o(.text)
    USART2_IRQHandler                        0x080001f7   Thumb Code     0  startup_stm32f103xe.o(.text)
    USBWakeUp_IRQHandler                     0x080001f7   Thumb Code     0  startup_stm32f103xe.o(.text)
    USB_HP_CAN1_TX_IRQHandler                0x080001f7   Thumb Code     0  startup_stm32f103xe.o(.text)
    USB_LP_CAN1_RX0_IRQHandler               0x080001f7   Thumb Code     0  startup_stm32f103xe.o(.text)
    WWDG_IRQHandler                          0x080001f7   Thumb Code     0  startup_stm32f103xe.o(.text)
    __aeabi_llsr                             0x08000201   Thumb Code    32  llushr.o(.text)
    _ll_ushift_r                             0x08000201   Thumb Code     0  llushr.o(.text)
    __aeabi_memset                           0x08000221   Thumb Code    14  memseta.o(.text)
    __aeabi_memset4                          0x08000221   Thumb Code     0  memseta.o(.text)
    __aeabi_memset8                          0x08000221   Thumb Code     0  memseta.o(.text)
    __aeabi_memclr                           0x0800022f   Thumb Code     4  memseta.o(.text)
    __aeabi_memclr4                          0x0800022f   Thumb Code     0  memseta.o(.text)
    __aeabi_memclr8                          0x0800022f   Thumb Code     0  memseta.o(.text)
    memset                                   0x08000233   Thumb Code    18  memseta.o(.text)
    __aeabi_fadd                             0x08000245   Thumb Code   164  fadd.o(.text)
    __aeabi_fsub                             0x080002e9   Thumb Code     6  fadd.o(.text)
    __aeabi_frsub                            0x080002ef   Thumb Code     6  fadd.o(.text)
    __aeabi_dadd                             0x080002f5   Thumb Code   322  dadd.o(.text)
    __aeabi_dsub                             0x08000437   Thumb Code     6  dadd.o(.text)
    __aeabi_drsub                            0x0800043d   Thumb Code     6  dadd.o(.text)
    __aeabi_dmul                             0x08000443   Thumb Code   228  dmul.o(.text)
    __aeabi_ddiv                             0x08000527   Thumb Code   222  ddiv.o(.text)
    __ARM_scalbn                             0x08000605   Thumb Code    46  dscalb.o(.text)
    scalbn                                   0x08000605   Thumb Code     0  dscalb.o(.text)
    __aeabi_i2d                              0x08000633   Thumb Code    34  dflti.o(.text)
    __aeabi_d2uiz                            0x08000655   Thumb Code    50  dfixui.o(.text)
    __aeabi_f2d                              0x08000687   Thumb Code    38  f2d.o(.text)
    __aeabi_d2f                              0x080006ad   Thumb Code    56  d2f.o(.text)
    __aeabi_uidiv                            0x080006e5   Thumb Code     0  uidiv.o(.text)
    __aeabi_uidivmod                         0x080006e5   Thumb Code    44  uidiv.o(.text)
    __aeabi_uldivmod                         0x08000711   Thumb Code    98  uldiv.o(.text)
    __aeabi_llsl                             0x08000773   Thumb Code    30  llshl.o(.text)
    _ll_shift_l                              0x08000773   Thumb Code     0  llshl.o(.text)
    __aeabi_lasr                             0x08000791   Thumb Code    36  llsshr.o(.text)
    _ll_sshift_r                             0x08000791   Thumb Code     0  llsshr.o(.text)
    __I$use$fp                               0x080007b5   Thumb Code     0  iusefp.o(.text)
    _float_round                             0x080007b5   Thumb Code    18  fepilogue.o(.text)
    _float_epilogue                          0x080007c7   Thumb Code    92  fepilogue.o(.text)
    _double_round                            0x08000823   Thumb Code    30  depilogue.o(.text)
    _double_epilogue                         0x08000841   Thumb Code   156  depilogue.o(.text)
    __aeabi_d2ulz                            0x080008dd   Thumb Code    48  dfixul.o(.text)
    __aeabi_cdrcmple                         0x0800090d   Thumb Code    48  cdrcmple.o(.text)
    __scatterload                            0x0800093d   Thumb Code    28  init.o(.text)
    __scatterload_rt2                        0x0800093d   Thumb Code     0  init.o(.text)
    BusFault_Handler                         0x08000961   Thumb Code     2  stm32f1xx_it.o(i.BusFault_Handler)
    DMA1_Channel3_IRQHandler                 0x08000965   Thumb Code     6  stm32f1xx_it.o(i.DMA1_Channel3_IRQHandler)
    DMA1_Channel4_IRQHandler                 0x08000971   Thumb Code     6  stm32f1xx_it.o(i.DMA1_Channel4_IRQHandler)
    DMA1_Channel5_IRQHandler                 0x0800097d   Thumb Code     6  stm32f1xx_it.o(i.DMA1_Channel5_IRQHandler)
    DMA1_Channel6_IRQHandler                 0x08000989   Thumb Code     6  stm32f1xx_it.o(i.DMA1_Channel6_IRQHandler)
    DMA1_Channel7_IRQHandler                 0x08000995   Thumb Code     6  stm32f1xx_it.o(i.DMA1_Channel7_IRQHandler)
    DebugMon_Handler                         0x080009cb   Thumb Code     2  stm32f1xx_it.o(i.DebugMon_Handler)
    Error_Handler                            0x080009cd   Thumb Code     2  main.o(i.Error_Handler)
    HAL_DMA_Abort                            0x080009cf   Thumb Code    70  stm32f1xx_hal_dma.o(i.HAL_DMA_Abort)
    HAL_DMA_Abort_IT                         0x08000a15   Thumb Code   296  stm32f1xx_hal_dma.o(i.HAL_DMA_Abort_IT)
    HAL_DMA_IRQHandler                       0x08000b45   Thumb Code   552  stm32f1xx_hal_dma.o(i.HAL_DMA_IRQHandler)
    HAL_DMA_Init                             0x08000d8d   Thumb Code   112  stm32f1xx_hal_dma.o(i.HAL_DMA_Init)
    HAL_DMA_Start_IT                         0x08000e09   Thumb Code   112  stm32f1xx_hal_dma.o(i.HAL_DMA_Start_IT)
    HAL_Delay                                0x08000e79   Thumb Code    32  stm32f1xx_hal.o(i.HAL_Delay)
    HAL_GPIO_Init                            0x08000e9d   Thumb Code   462  stm32f1xx_hal_gpio.o(i.HAL_GPIO_Init)
    HAL_GPIO_ReadPin                         0x08001095   Thumb Code    10  stm32f1xx_hal_gpio.o(i.HAL_GPIO_ReadPin)
    HAL_GPIO_WritePin                        0x0800109f   Thumb Code    10  stm32f1xx_hal_gpio.o(i.HAL_GPIO_WritePin)
    HAL_GetTick                              0x080010a9   Thumb Code     6  stm32f1xx_hal.o(i.HAL_GetTick)
    HAL_IncTick                              0x080010b5   Thumb Code    12  stm32f1xx_hal.o(i.HAL_IncTick)
    HAL_Init                                 0x080010c5   Thumb Code    32  stm32f1xx_hal.o(i.HAL_Init)
    HAL_InitTick                             0x080010e9   Thumb Code    54  stm32f1xx_hal.o(i.HAL_InitTick)
    HAL_MspInit                              0x08001129   Thumb Code    62  stm32f1xx_hal_msp.o(i.HAL_MspInit)
    HAL_NVIC_EnableIRQ                       0x08001171   Thumb Code    26  stm32f1xx_hal_cortex.o(i.HAL_NVIC_EnableIRQ)
    HAL_NVIC_SetPriority                     0x0800118d   Thumb Code    60  stm32f1xx_hal_cortex.o(i.HAL_NVIC_SetPriority)
    HAL_NVIC_SetPriorityGrouping             0x080011cd   Thumb Code    26  stm32f1xx_hal_cortex.o(i.HAL_NVIC_SetPriorityGrouping)
    HAL_RCC_ClockConfig                      0x080011f1   Thumb Code   280  stm32f1xx_hal_rcc.o(i.HAL_RCC_ClockConfig)
    HAL_RCC_GetPCLK1Freq                     0x0800131d   Thumb Code    20  stm32f1xx_hal_rcc.o(i.HAL_RCC_GetPCLK1Freq)
    HAL_RCC_GetPCLK2Freq                     0x0800133d   Thumb Code    20  stm32f1xx_hal_rcc.o(i.HAL_RCC_GetPCLK2Freq)
    HAL_RCC_GetSysClockFreq                  0x0800135d   Thumb Code    74  stm32f1xx_hal_rcc.o(i.HAL_RCC_GetSysClockFreq)
    HAL_RCC_OscConfig                        0x080013c9   Thumb Code   778  stm32f1xx_hal_rcc.o(i.HAL_RCC_OscConfig)
    HAL_SYSTICK_Config                       0x080016e9   Thumb Code    40  stm32f1xx_hal_cortex.o(i.HAL_SYSTICK_Config)
    HAL_UART_DMAStop                         0x08001711   Thumb Code    88  stm32f1xx_hal_uart.o(i.HAL_UART_DMAStop)
    HAL_UART_ErrorCallback                   0x08001769   Thumb Code     2  stm32f1xx_hal_uart.o(i.HAL_UART_ErrorCallback)
    HAL_UART_IRQHandler                      0x0800176d   Thumb Code   266  stm32f1xx_hal_uart.o(i.HAL_UART_IRQHandler)
    HAL_UART_Init                            0x0800187d   Thumb Code    98  stm32f1xx_hal_uart.o(i.HAL_UART_Init)
    HAL_UART_MspInit                         0x080018e1   Thumb Code   726  usart.o(i.HAL_UART_MspInit)
    HAL_UART_Receive_DMA                     0x08001bed   Thumb Code   138  stm32f1xx_hal_uart.o(i.HAL_UART_Receive_DMA)
    HAL_UART_RxCpltCallback                  0x08001c85   Thumb Code     2  stm32f1xx_hal_uart.o(i.HAL_UART_RxCpltCallback)
    HAL_UART_RxHalfCpltCallback              0x08001c87   Thumb Code     2  stm32f1xx_hal_uart.o(i.HAL_UART_RxHalfCpltCallback)
    HAL_UART_Transmit                        0x08001c89   Thumb Code   186  stm32f1xx_hal_uart.o(i.HAL_UART_Transmit)
    HAL_UART_TxCpltCallback                  0x08001d43   Thumb Code     2  stm32f1xx_hal_uart.o(i.HAL_UART_TxCpltCallback)
    HardFault_Handler                        0x08001d45   Thumb Code     2  stm32f1xx_it.o(i.HardFault_Handler)
    MX_DMA_Init                              0x08001d49   Thumb Code   104  dma.o(i.MX_DMA_Init)
    MX_GPIO_Init                             0x08001db5   Thumb Code   192  gpio.o(i.MX_GPIO_Init)
    MX_UART4_Init                            0x08001e81   Thumb Code    48  usart.o(i.MX_UART4_Init)
    MX_UART5_Init                            0x08001eb9   Thumb Code    48  usart.o(i.MX_UART5_Init)
    MX_USART1_UART_Init                      0x08001ef1   Thumb Code    48  usart.o(i.MX_USART1_UART_Init)
    MX_USART2_UART_Init                      0x08001f29   Thumb Code    48  usart.o(i.MX_USART2_UART_Init)
    MX_USART3_UART_Init                      0x08001f61   Thumb Code    48  usart.o(i.MX_USART3_UART_Init)
    MemManage_Handler                        0x08001f99   Thumb Code     2  stm32f1xx_it.o(i.MemManage_Handler)
    NMI_Handler                              0x08001f9b   Thumb Code     2  stm32f1xx_it.o(i.NMI_Handler)
    SysTick_Handler                          0x08001f9d   Thumb Code    24  stm32f1xx_it.o(i.SysTick_Handler)
    SystemClock_Config                       0x08001fb5   Thumb Code    78  main.o(i.SystemClock_Config)
    SystemInit                               0x08002005   Thumb Code    56  system_stm32f1xx.o(i.SystemInit)
    USART3_IRQHandler                        0x08002331   Thumb Code   376  bsp_imu.o(i.USART3_IRQHandler)
    UsageFault_Handler                       0x080024d5   Thumb Code     2  stm32f1xx_it.o(i.UsageFault_Handler)
    __0printf                                0x080024d9   Thumb Code    22  printfa.o(i.__0printf)
    __1printf                                0x080024d9   Thumb Code     0  printfa.o(i.__0printf)
    __2printf                                0x080024d9   Thumb Code     0  printfa.o(i.__0printf)
    __c89printf                              0x080024d9   Thumb Code     0  printfa.o(i.__0printf)
    printf                                   0x080024d9   Thumb Code     0  printfa.o(i.__0printf)
    __scatterload_copy                       0x08002519   Thumb Code    14  handlers.o(i.__scatterload_copy)
    __scatterload_null                       0x08002527   Thumb Code     2  handlers.o(i.__scatterload_null)
    __scatterload_zeroinit                   0x08002529   Thumb Code    14  handlers.o(i.__scatterload_zeroinit)
    delay_init                               0x08002ded   Thumb Code    26  bsp_delay.o(i.delay_init)
    delay_us                                 0x08002e15   Thumb Code    48  bsp_delay.o(i.delay_us)
    floor                                    0x08002e49   Thumb Code   204  floor.o(i.floor)
    fputc                                    0x08002f25   Thumb Code    20  usart.o(i.fputc)
    iic_ack                                  0x08002f3d   Thumb Code    76  bsp_servo_iic.o(i.iic_ack)
    iic_not_ack                              0x08002f8d   Thumb Code    76  bsp_servo_iic.o(i.iic_not_ack)
    iic_read_byte                            0x08002fdd   Thumb Code   104  bsp_servo_iic.o(i.iic_read_byte)
    iic_send_byte                            0x08003049   Thumb Code    96  bsp_servo_iic.o(i.iic_send_byte)
    iic_start                                0x080030ad   Thumb Code    76  bsp_servo_iic.o(i.iic_start)
    iic_stop                                 0x080030fd   Thumb Code    76  bsp_servo_iic.o(i.iic_stop)
    iic_wait_ack                             0x0800314d   Thumb Code    98  bsp_servo_iic.o(i.iic_wait_ack)
    imu_receive_init                         0x080031b5   Thumb Code    22  bsp_imu.o(i.imu_receive_init)
    main                                     0x080031d5   Thumb Code    54  main.o(i.main)
    pca_init                                 0x08003211   Thumb Code    30  bsp_servo_iic.o(i.pca_init)
    pca_read                                 0x0800322f   Thumb Code    58  bsp_servo_iic.o(i.pca_read)
    pca_setfreq                              0x08003269   Thumb Code   138  bsp_servo_iic.o(i.pca_setfreq)
    pca_write                                0x08003309   Thumb Code    48  bsp_servo_iic.o(i.pca_write)
    uxListRemove                             0x08003359   Thumb Code    38  list.o(i.uxListRemove)
    vListInsertEnd                           0x0800337f   Thumb Code    24  list.o(i.vListInsertEnd)
    vTaskSwitchContext                       0x08003399   Thumb Code    82  tasks.o(i.vTaskSwitchContext)
    xPortSysTickHandler                      0x080033f5   Thumb Code    38  port.o(i.xPortSysTickHandler)
    xTaskGetSchedulerState                   0x08003421   Thumb Code    22  tasks.o(i.xTaskGetSchedulerState)
    xTaskIncrementTick                       0x0800343d   Thumb Code   192  tasks.o(i.xTaskIncrementTick)
    AHBPrescTable                            0x08003504   Data          16  system_stm32f1xx.o(.constdata)
    APBPrescTable                            0x08003514   Data           8  system_stm32f1xx.o(.constdata)
    Region$$Table$$Base                      0x0800351c   Number         0  anon$$obj.o(Region$$Table)
    Region$$Table$$Limit                     0x0800353c   Number         0  anon$$obj.o(Region$$Table)
    uwTickFreq                               0x20000000   Data           1  stm32f1xx_hal.o(.data)
    uwTickPrio                               0x20000004   Data           4  stm32f1xx_hal.o(.data)
    uwTick                                   0x20000008   Data           4  stm32f1xx_hal.o(.data)
    SystemCoreClock                          0x2000000c   Data           4  system_stm32f1xx.o(.data)
    imu_rx_len                               0x20000018   Data           1  bsp_imu.o(.data)
    pxCurrentTCB                             0x2000001c   Data           4  tasks.o(.data)
    __stdout                                 0x20000058   Data           4  stdout.o(.data)
    huart4                                   0x2000005c   Data          64  usart.o(.bss)
    huart5                                   0x2000009c   Data          64  usart.o(.bss)
    huart1                                   0x200000dc   Data          64  usart.o(.bss)
    huart2                                   0x2000011c   Data          64  usart.o(.bss)
    huart3                                   0x2000015c   Data          64  usart.o(.bss)
    hdma_usart1_rx                           0x2000019c   Data          68  usart.o(.bss)
    hdma_usart1_tx                           0x200001e0   Data          68  usart.o(.bss)
    hdma_usart2_rx                           0x20000224   Data          68  usart.o(.bss)
    hdma_usart2_tx                           0x20000268   Data          68  usart.o(.bss)
    hdma_usart3_rx                           0x200002ac   Data          68  usart.o(.bss)
    imu_rx_buf                               0x200002f0   Data         200  bsp_imu.o(.bss)
    imu                                      0x200003b8   Data          28  bsp_imu.o(.bss)
    __initial_sp                             0x200008c8   Data           0  startup_stm32f103xe.o(STACK)



==============================================================================

Memory Map of the image

  Image Entry point : 0x08000131

  Load Region LR_IROM1 (Base: 0x08000000, Size: 0x00003598, Max: 0x00040000, ABSOLUTE)

    Execution Region ER_IROM1 (Exec base: 0x08000000, Load base: 0x08000000, Size: 0x0000353c, Max: 0x00040000, ABSOLUTE)

    Exec Addr    Load Addr    Size         Type   Attr      Idx    E Section Name        Object

    0x08000000   0x08000000   0x00000130   Data   RO            3    RESET               startup_stm32f103xe.o
    0x08000130   0x08000130   0x00000000   Code   RO         3425  * .ARM.Collect$$$$00000000  mc_w.l(entry.o)
    0x08000130   0x08000130   0x00000004   Code   RO         3719    .ARM.Collect$$$$00000001  mc_w.l(entry2.o)
    0x08000134   0x08000134   0x00000004   Code   RO         3722    .ARM.Collect$$$$00000004  mc_w.l(entry5.o)
    0x08000138   0x08000138   0x00000000   Code   RO         3724    .ARM.Collect$$$$00000008  mc_w.l(entry7b.o)
    0x08000138   0x08000138   0x00000000   Code   RO         3726    .ARM.Collect$$$$0000000A  mc_w.l(entry8b.o)
    0x08000138   0x08000138   0x00000008   Code   RO         3727    .ARM.Collect$$$$0000000B  mc_w.l(entry9a.o)
    0x08000140   0x08000140   0x00000000   Code   RO         3729    .ARM.Collect$$$$0000000D  mc_w.l(entry10a.o)
    0x08000140   0x08000140   0x00000000   Code   RO         3731    .ARM.Collect$$$$0000000F  mc_w.l(entry11a.o)
    0x08000140   0x08000140   0x00000004   Code   RO         3720    .ARM.Collect$$$$00002712  mc_w.l(entry2.o)
    0x08000144   0x08000144   0x00000096   Code   RO         3344    .emb_text           port.o
    0x080001da   0x080001da   0x00000002   PAD
    0x080001dc   0x080001dc   0x00000024   Code   RO            4    .text               startup_stm32f103xe.o
    0x08000200   0x08000200   0x00000020   Code   RO         3428    .text               mc_w.l(llushr.o)
    0x08000220   0x08000220   0x00000024   Code   RO         3434    .text               mc_w.l(memseta.o)
    0x08000244   0x08000244   0x000000b0   Code   RO         3699    .text               mf_w.l(fadd.o)
    0x080002f4   0x080002f4   0x0000014e   Code   RO         3701    .text               mf_w.l(dadd.o)
    0x08000442   0x08000442   0x000000e4   Code   RO         3703    .text               mf_w.l(dmul.o)
    0x08000526   0x08000526   0x000000de   Code   RO         3705    .text               mf_w.l(ddiv.o)
    0x08000604   0x08000604   0x0000002e   Code   RO         3707    .text               mf_w.l(dscalb.o)
    0x08000632   0x08000632   0x00000022   Code   RO         3709    .text               mf_w.l(dflti.o)
    0x08000654   0x08000654   0x00000032   Code   RO         3713    .text               mf_w.l(dfixui.o)
    0x08000686   0x08000686   0x00000026   Code   RO         3715    .text               mf_w.l(f2d.o)
    0x080006ac   0x080006ac   0x00000038   Code   RO         3717    .text               mf_w.l(d2f.o)
    0x080006e4   0x080006e4   0x0000002c   Code   RO         3734    .text               mc_w.l(uidiv.o)
    0x08000710   0x08000710   0x00000062   Code   RO         3736    .text               mc_w.l(uldiv.o)
    0x08000772   0x08000772   0x0000001e   Code   RO         3738    .text               mc_w.l(llshl.o)
    0x08000790   0x08000790   0x00000024   Code   RO         3740    .text               mc_w.l(llsshr.o)
    0x080007b4   0x080007b4   0x00000000   Code   RO         3742    .text               mc_w.l(iusefp.o)
    0x080007b4   0x080007b4   0x0000006e   Code   RO         3743    .text               mf_w.l(fepilogue.o)
    0x08000822   0x08000822   0x000000ba   Code   RO         3745    .text               mf_w.l(depilogue.o)
    0x080008dc   0x080008dc   0x00000030   Code   RO         3747    .text               mf_w.l(dfixul.o)
    0x0800090c   0x0800090c   0x00000030   Code   RO         3749    .text               mf_w.l(cdrcmple.o)
    0x0800093c   0x0800093c   0x00000024   Code   RO         3751    .text               mc_w.l(init.o)
    0x08000960   0x08000960   0x00000002   Code   RO          372    i.BusFault_Handler  stm32f1xx_it.o
    0x08000962   0x08000962   0x00000002   PAD
    0x08000964   0x08000964   0x0000000c   Code   RO          373    i.DMA1_Channel3_IRQHandler  stm32f1xx_it.o
    0x08000970   0x08000970   0x0000000c   Code   RO          374    i.DMA1_Channel4_IRQHandler  stm32f1xx_it.o
    0x0800097c   0x0800097c   0x0000000c   Code   RO          375    i.DMA1_Channel5_IRQHandler  stm32f1xx_it.o
    0x08000988   0x08000988   0x0000000c   Code   RO          376    i.DMA1_Channel6_IRQHandler  stm32f1xx_it.o
    0x08000994   0x08000994   0x0000000c   Code   RO          377    i.DMA1_Channel7_IRQHandler  stm32f1xx_it.o
    0x080009a0   0x080009a0   0x0000002a   Code   RO         1266    i.DMA_SetConfig     stm32f1xx_hal_dma.o
    0x080009ca   0x080009ca   0x00000002   Code   RO          378    i.DebugMon_Handler  stm32f1xx_it.o
    0x080009cc   0x080009cc   0x00000002   Code   RO           14    i.Error_Handler     main.o
    0x080009ce   0x080009ce   0x00000046   Code   RO         1267    i.HAL_DMA_Abort     stm32f1xx_hal_dma.o
    0x08000a14   0x08000a14   0x00000130   Code   RO         1268    i.HAL_DMA_Abort_IT  stm32f1xx_hal_dma.o
    0x08000b44   0x08000b44   0x00000248   Code   RO         1272    i.HAL_DMA_IRQHandler  stm32f1xx_hal_dma.o
    0x08000d8c   0x08000d8c   0x0000007c   Code   RO         1273    i.HAL_DMA_Init      stm32f1xx_hal_dma.o
    0x08000e08   0x08000e08   0x00000070   Code   RO         1277    i.HAL_DMA_Start_IT  stm32f1xx_hal_dma.o
    0x08000e78   0x08000e78   0x00000024   Code   RO          895    i.HAL_Delay         stm32f1xx_hal.o
    0x08000e9c   0x08000e9c   0x000001f8   Code   RO         1203    i.HAL_GPIO_Init     stm32f1xx_hal_gpio.o
    0x08001094   0x08001094   0x0000000a   Code   RO         1205    i.HAL_GPIO_ReadPin  stm32f1xx_hal_gpio.o
    0x0800109e   0x0800109e   0x0000000a   Code   RO         1207    i.HAL_GPIO_WritePin  stm32f1xx_hal_gpio.o
    0x080010a8   0x080010a8   0x0000000c   Code   RO          899    i.HAL_GetTick       stm32f1xx_hal.o
    0x080010b4   0x080010b4   0x00000010   Code   RO          905    i.HAL_IncTick       stm32f1xx_hal.o
    0x080010c4   0x080010c4   0x00000024   Code   RO          906    i.HAL_Init          stm32f1xx_hal.o
    0x080010e8   0x080010e8   0x00000040   Code   RO          907    i.HAL_InitTick      stm32f1xx_hal.o
    0x08001128   0x08001128   0x00000048   Code   RO          466    i.HAL_MspInit       stm32f1xx_hal_msp.o
    0x08001170   0x08001170   0x0000001a   Code   RO         1363    i.HAL_NVIC_EnableIRQ  stm32f1xx_hal_cortex.o
    0x0800118a   0x0800118a   0x00000002   PAD
    0x0800118c   0x0800118c   0x00000040   Code   RO         1369    i.HAL_NVIC_SetPriority  stm32f1xx_hal_cortex.o
    0x080011cc   0x080011cc   0x00000024   Code   RO         1370    i.HAL_NVIC_SetPriorityGrouping  stm32f1xx_hal_cortex.o
    0x080011f0   0x080011f0   0x0000012c   Code   RO         1063    i.HAL_RCC_ClockConfig  stm32f1xx_hal_rcc.o
    0x0800131c   0x0800131c   0x00000020   Code   RO         1070    i.HAL_RCC_GetPCLK1Freq  stm32f1xx_hal_rcc.o
    0x0800133c   0x0800133c   0x00000020   Code   RO         1071    i.HAL_RCC_GetPCLK2Freq  stm32f1xx_hal_rcc.o
    0x0800135c   0x0800135c   0x0000006c   Code   RO         1072    i.HAL_RCC_GetSysClockFreq  stm32f1xx_hal_rcc.o
    0x080013c8   0x080013c8   0x00000320   Code   RO         1075    i.HAL_RCC_OscConfig  stm32f1xx_hal_rcc.o
    0x080016e8   0x080016e8   0x00000028   Code   RO         1374    i.HAL_SYSTICK_Config  stm32f1xx_hal_cortex.o
    0x08001710   0x08001710   0x00000058   Code   RO          581    i.HAL_UART_DMAStop  stm32f1xx_hal_uart.o
    0x08001768   0x08001768   0x00000002   Code   RO          583    i.HAL_UART_ErrorCallback  stm32f1xx_hal_uart.o
    0x0800176a   0x0800176a   0x00000002   PAD
    0x0800176c   0x0800176c   0x00000110   Code   RO          586    i.HAL_UART_IRQHandler  stm32f1xx_hal_uart.o
    0x0800187c   0x0800187c   0x00000062   Code   RO          587    i.HAL_UART_Init     stm32f1xx_hal_uart.o
    0x080018de   0x080018de   0x00000002   PAD
    0x080018e0   0x080018e0   0x0000030c   Code   RO          301    i.HAL_UART_MspInit  usart.o
    0x08001bec   0x08001bec   0x00000098   Code   RO          591    i.HAL_UART_Receive_DMA  stm32f1xx_hal_uart.o
    0x08001c84   0x08001c84   0x00000002   Code   RO          593    i.HAL_UART_RxCpltCallback  stm32f1xx_hal_uart.o
    0x08001c86   0x08001c86   0x00000002   Code   RO          594    i.HAL_UART_RxHalfCpltCallback  stm32f1xx_hal_uart.o
    0x08001c88   0x08001c88   0x000000ba   Code   RO          595    i.HAL_UART_Transmit  stm32f1xx_hal_uart.o
    0x08001d42   0x08001d42   0x00000002   Code   RO          598    i.HAL_UART_TxCpltCallback  stm32f1xx_hal_uart.o
    0x08001d44   0x08001d44   0x00000002   Code   RO          379    i.HardFault_Handler  stm32f1xx_it.o
    0x08001d46   0x08001d46   0x00000002   PAD
    0x08001d48   0x08001d48   0x0000006c   Code   RO          233    i.MX_DMA_Init       dma.o
    0x08001db4   0x08001db4   0x000000cc   Code   RO          209    i.MX_GPIO_Init      gpio.o
    0x08001e80   0x08001e80   0x00000038   Code   RO          302    i.MX_UART4_Init     usart.o
    0x08001eb8   0x08001eb8   0x00000038   Code   RO          303    i.MX_UART5_Init     usart.o
    0x08001ef0   0x08001ef0   0x00000038   Code   RO          304    i.MX_USART1_UART_Init  usart.o
    0x08001f28   0x08001f28   0x00000038   Code   RO          305    i.MX_USART2_UART_Init  usart.o
    0x08001f60   0x08001f60   0x00000038   Code   RO          306    i.MX_USART3_UART_Init  usart.o
    0x08001f98   0x08001f98   0x00000002   Code   RO          380    i.MemManage_Handler  stm32f1xx_it.o
    0x08001f9a   0x08001f9a   0x00000002   Code   RO          381    i.NMI_Handler       stm32f1xx_it.o
    0x08001f9c   0x08001f9c   0x00000018   Code   RO          382    i.SysTick_Handler   stm32f1xx_it.o
    0x08001fb4   0x08001fb4   0x0000004e   Code   RO           15    i.SystemClock_Config  main.o
    0x08002002   0x08002002   0x00000002   PAD
    0x08002004   0x08002004   0x00000048   Code   RO         1864    i.SystemInit        system_stm32f1xx.o
    0x0800204c   0x0800204c   0x00000010   Code   RO          600    i.UART_DMAAbortOnError  stm32f1xx_hal_uart.o
    0x0800205c   0x0800205c   0x0000004a   Code   RO          601    i.UART_DMAError     stm32f1xx_hal_uart.o
    0x080020a6   0x080020a6   0x0000003c   Code   RO          602    i.UART_DMAReceiveCplt  stm32f1xx_hal_uart.o
    0x080020e2   0x080020e2   0x0000000a   Code   RO          604    i.UART_DMARxHalfCplt  stm32f1xx_hal_uart.o
    0x080020ec   0x080020ec   0x0000001c   Code   RO          610    i.UART_EndRxTransfer  stm32f1xx_hal_uart.o
    0x08002108   0x08002108   0x00000012   Code   RO          611    i.UART_EndTxTransfer  stm32f1xx_hal_uart.o
    0x0800211a   0x0800211a   0x00000096   Code   RO          612    i.UART_Receive_IT   stm32f1xx_hal_uart.o
    0x080021b0   0x080021b0   0x000000b8   Code   RO          613    i.UART_SetConfig    stm32f1xx_hal_uart.o
    0x08002268   0x08002268   0x00000062   Code   RO          614    i.UART_Transmit_IT  stm32f1xx_hal_uart.o
    0x080022ca   0x080022ca   0x00000064   Code   RO          615    i.UART_WaitOnFlagUntilTimeout  stm32f1xx_hal_uart.o
    0x0800232e   0x0800232e   0x00000002   PAD
    0x08002330   0x08002330   0x000001a4   Code   RO         2159    i.USART3_IRQHandler  bsp_imu.o
    0x080024d4   0x080024d4   0x00000002   Code   RO          383    i.UsageFault_Handler  stm32f1xx_it.o
    0x080024d6   0x080024d6   0x00000002   PAD
    0x080024d8   0x080024d8   0x00000020   Code   RO         3671    i.__0printf         mc_w.l(printfa.o)
    0x080024f8   0x080024f8   0x00000020   Code   RO         1376    i.__NVIC_SetPriority  stm32f1xx_hal_cortex.o
    0x08002518   0x08002518   0x0000000e   Code   RO         3755    i.__scatterload_copy  mc_w.l(handlers.o)
    0x08002526   0x08002526   0x00000002   Code   RO         3756    i.__scatterload_null  mc_w.l(handlers.o)
    0x08002528   0x08002528   0x0000000e   Code   RO         3757    i.__scatterload_zeroinit  mc_w.l(handlers.o)
    0x08002536   0x08002536   0x00000002   PAD
    0x08002538   0x08002538   0x00000184   Code   RO         3678    i._fp_digits        mc_w.l(printfa.o)
    0x080026bc   0x080026bc   0x000006dc   Code   RO         3679    i._printf_core      mc_w.l(printfa.o)
    0x08002d98   0x08002d98   0x00000024   Code   RO         3680    i._printf_post_padding  mc_w.l(printfa.o)
    0x08002dbc   0x08002dbc   0x0000002e   Code   RO         3681    i._printf_pre_padding  mc_w.l(printfa.o)
    0x08002dea   0x08002dea   0x00000002   PAD
    0x08002dec   0x08002dec   0x00000028   Code   RO         2121    i.delay_init        bsp_delay.o
    0x08002e14   0x08002e14   0x00000034   Code   RO         2123    i.delay_us          bsp_delay.o
    0x08002e48   0x08002e48   0x000000dc   Code   RO         3422    i.floor             m_ws.l(floor.o)
    0x08002f24   0x08002f24   0x00000018   Code   RO          307    i.fputc             usart.o
    0x08002f3c   0x08002f3c   0x00000050   Code   RO         2022    i.iic_ack           bsp_servo_iic.o
    0x08002f8c   0x08002f8c   0x00000050   Code   RO         2023    i.iic_not_ack       bsp_servo_iic.o
    0x08002fdc   0x08002fdc   0x0000006c   Code   RO         2024    i.iic_read_byte     bsp_servo_iic.o
    0x08003048   0x08003048   0x00000064   Code   RO         2025    i.iic_send_byte     bsp_servo_iic.o
    0x080030ac   0x080030ac   0x00000050   Code   RO         2026    i.iic_start         bsp_servo_iic.o
    0x080030fc   0x080030fc   0x00000050   Code   RO         2027    i.iic_stop          bsp_servo_iic.o
    0x0800314c   0x0800314c   0x00000068   Code   RO         2028    i.iic_wait_ack      bsp_servo_iic.o
    0x080031b4   0x080031b4   0x00000020   Code   RO         2160    i.imu_receive_init  bsp_imu.o
    0x080031d4   0x080031d4   0x0000003c   Code   RO           16    i.main              main.o
    0x08003210   0x08003210   0x0000001e   Code   RO         2029    i.pca_init          bsp_servo_iic.o
    0x0800322e   0x0800322e   0x0000003a   Code   RO         2030    i.pca_read          bsp_servo_iic.o
    0x08003268   0x08003268   0x000000a0   Code   RO         2031    i.pca_setfreq       bsp_servo_iic.o
    0x08003308   0x08003308   0x00000030   Code   RO         2033    i.pca_write         bsp_servo_iic.o
    0x08003338   0x08003338   0x00000020   Code   RO         2624    i.prvResetNextTaskUnblockTime  tasks.o
    0x08003358   0x08003358   0x00000026   Code   RO         2298    i.uxListRemove      list.o
    0x0800337e   0x0800337e   0x00000018   Code   RO         2302    i.vListInsertEnd    list.o
    0x08003396   0x08003396   0x00000002   PAD
    0x08003398   0x08003398   0x0000005c   Code   RO         2648    i.vTaskSwitchContext  tasks.o
    0x080033f4   0x080033f4   0x0000002c   Code   RO         3353    i.xPortSysTickHandler  port.o
    0x08003420   0x08003420   0x0000001c   Code   RO         2654    i.xTaskGetSchedulerState  tasks.o
    0x0800343c   0x0800343c   0x000000c8   Code   RO         2657    i.xTaskIncrementTick  tasks.o
    0x08003504   0x08003504   0x00000010   Data   RO         1865    .constdata          system_stm32f1xx.o
    0x08003514   0x08003514   0x00000008   Data   RO         1866    .constdata          system_stm32f1xx.o
    0x0800351c   0x0800351c   0x00000020   Data   RO         3753    Region$$Table       anon$$obj.o


    Execution Region RW_IRAM1 (Exec base: 0x20000000, Load base: 0x0800353c, Size: 0x000008c8, Max: 0x0000c000, ABSOLUTE)

    Exec Addr    Load Addr    Size         Type   Attr      Idx    E Section Name        Object

    0x20000000   0x0800353c   0x0000000c   Data   RW          913    .data               stm32f1xx_hal.o
    0x2000000c   0x08003548   0x00000004   Data   RW         1867    .data               system_stm32f1xx.o
    0x20000010   0x0800354c   0x00000008   Data   RW         2124    .data               bsp_delay.o
    0x20000018   0x08003554   0x00000001   Data   RW         2162    .data               bsp_imu.o
    0x20000019   0x08003555   0x00000003   PAD
    0x2000001c   0x08003558   0x0000003c   Data   RW         2666    .data               tasks.o
    0x20000058   0x08003594   0x00000004   Data   RW         3733    .data               mc_w.l(stdout.o)
    0x2000005c        -       0x00000294   Zero   RW          308    .bss                usart.o
    0x200002f0        -       0x000000e4   Zero   RW         2161    .bss                bsp_imu.o
    0x200003d4        -       0x000000f0   Zero   RW         2665    .bss                tasks.o
    0x200004c4   0x08003598   0x00000004   PAD
    0x200004c8        -       0x00000400   Zero   RW            1    STACK               startup_stm32f103xe.o


==============================================================================

Image component sizes


      Code (inc. data)   RO Data    RW Data    ZI Data      Debug   Object Name

         0          0          0          0          0     405868   bsp_buzzer.o
        92         18          0          8          0       1288   bsp_delay.o
       452         54          0          1        228       2511   bsp_imu.o
       928         52          0          0          0       6330   bsp_servo_iic.o
       108          4          0          0          0        778   dma.o
         0          0          0          0          0       8092   event_groups.o
       204         12          0          0          0        971   gpio.o
        62          0          0          0          0       1664   list.o
       140          6          0          0          0     462896   main.o
       194         18          0          0          0       3906   port.o
        36          8        304          0       1024        808   startup_stm32f103xe.o
       164         28          0         12          0       6553   stm32f1xx_hal.o
       198         14          0          0          0      28971   stm32f1xx_hal_cortex.o
      1236         52          0          0          0       5162   stm32f1xx_hal_dma.o
       524         42          0          0          0       3551   stm32f1xx_hal_gpio.o
        72         10          0          0          0        858   stm32f1xx_hal_msp.o
      1272        100          0          0          0       5228   stm32f1xx_hal_rcc.o
      1542         26          0          0          0      13515   stm32f1xx_hal_uart.o
        96         30          0          0          0       5302   stm32f1xx_it.o
        72         16         24          4          0       1175   system_stm32f1xx.o
       352         30          0         60        240       7525   tasks.o
      1084         98          0          0        660       5293   usart.o

    ----------------------------------------------------------------------
      8848        618        360         88       2156     978245   Object Totals
         0          0         32          0          0          0   (incl. Generated)
        20          0          0          3          4          0   (incl. Padding)

    ----------------------------------------------------------------------

      Code (inc. data)   RO Data    RW Data    ZI Data      Debug   Library Member Name

       220         16          0          0          0         84   floor.o
         0          0          0          0          0          0   entry.o
         0          0          0          0          0          0   entry10a.o
         0          0          0          0          0          0   entry11a.o
         8          4          0          0          0          0   entry2.o
         4          0          0          0          0          0   entry5.o
         0          0          0          0          0          0   entry7b.o
         0          0          0          0          0          0   entry8b.o
         8          4          0          0          0          0   entry9a.o
        30          0          0          0          0          0   handlers.o
        36          8          0          0          0         68   init.o
         0          0          0          0          0          0   iusefp.o
        30          0          0          0          0         68   llshl.o
        36          0          0          0          0         68   llsshr.o
        32          0          0          0          0         68   llushr.o
        36          0          0          0          0        108   memseta.o
      2258         90          0          0          0        452   printfa.o
         0          0          0          4          0          0   stdout.o
        44          0          0          0          0         80   uidiv.o
        98          0          0          0          0         92   uldiv.o
        48          0          0          0          0         68   cdrcmple.o
        56          0          0          0          0         88   d2f.o
       334          0          0          0          0        148   dadd.o
       222          0          0          0          0        100   ddiv.o
       186          0          0          0          0        176   depilogue.o
        50          0          0          0          0         76   dfixui.o
        48          0          0          0          0         68   dfixul.o
        34          0          0          0          0         76   dflti.o
       228          0          0          0          0         96   dmul.o
        46          0          0          0          0         80   dscalb.o
        38          0          0          0          0         68   f2d.o
       176          0          0          0          0        140   fadd.o
       110          0          0          0          0        168   fepilogue.o

    ----------------------------------------------------------------------
      4420        122          0          4          0       2440   Library Totals
         4          0          0          0          0          0   (incl. Padding)

    ----------------------------------------------------------------------

      Code (inc. data)   RO Data    RW Data    ZI Data      Debug   Library Name

       220         16          0          0          0         84   m_ws.l
      2620        106          0          4          0       1004   mc_w.l
      1576          0          0          0          0       1352   mf_w.l

    ----------------------------------------------------------------------
      4420        122          0          4          0       2440   Library Totals

    ----------------------------------------------------------------------

==============================================================================


      Code (inc. data)   RO Data    RW Data    ZI Data      Debug   

     13268        740        360         92       2156     974909   Grand Totals
     13268        740        360         92       2156     974909   ELF Image Totals
     13268        740        360         92          0          0   ROM Totals

==============================================================================

    Total RO  Size (Code + RO Data)                13628 (  13.31kB)
    Total RW  Size (RW Data + ZI Data)              2248 (   2.20kB)
    Total ROM Size (Code + RO Data + RW Data)      13720 (  13.40kB)

==============================================================================

